Archive member included to satisfy reference by file (symbol)

c:/tools/arm-gnu-toolchain-12.2.mpacbti-rel1-mingw-w64-i686-arm-none-eabi/bin/../lib/gcc/arm-none-eabi/12.2.1/thumb/v7e-m+fp/hard\libc_nano.a(libc_a-exit.o)
                              c:/tools/arm-gnu-toolchain-12.2.mpacbti-rel1-mingw-w64-i686-arm-none-eabi/bin/../lib/gcc/arm-none-eabi/12.2.1/thumb/v7e-m+fp/hard/crt0.o (exit)
c:/tools/arm-gnu-toolchain-12.2.mpacbti-rel1-mingw-w64-i686-arm-none-eabi/bin/../lib/gcc/arm-none-eabi/12.2.1/thumb/v7e-m+fp/hard\libc_nano.a(libc_a-findfp.o)
                              c:/tools/arm-gnu-toolchain-12.2.mpacbti-rel1-mingw-w64-i686-arm-none-eabi/bin/../lib/gcc/arm-none-eabi/12.2.1/thumb/v7e-m+fp/hard\libc_nano.a(libc_a-exit.o) (__stdio_exit_handler)
c:/tools/arm-gnu-toolchain-12.2.mpacbti-rel1-mingw-w64-i686-arm-none-eabi/bin/../lib/gcc/arm-none-eabi/12.2.1/thumb/v7e-m+fp/hard\libc_nano.a(libc_a-fwalk.o)
                              c:/tools/arm-gnu-toolchain-12.2.mpacbti-rel1-mingw-w64-i686-arm-none-eabi/bin/../lib/gcc/arm-none-eabi/12.2.1/thumb/v7e-m+fp/hard\libc_nano.a(libc_a-findfp.o) (_fwalk_sglue)
c:/tools/arm-gnu-toolchain-12.2.mpacbti-rel1-mingw-w64-i686-arm-none-eabi/bin/../lib/gcc/arm-none-eabi/12.2.1/thumb/v7e-m+fp/hard\libc_nano.a(libc_a-sprintf.o)
                              build/main.o (sprintf)
c:/tools/arm-gnu-toolchain-12.2.mpacbti-rel1-mingw-w64-i686-arm-none-eabi/bin/../lib/gcc/arm-none-eabi/12.2.1/thumb/v7e-m+fp/hard\libc_nano.a(libc_a-stdio.o)
                              c:/tools/arm-gnu-toolchain-12.2.mpacbti-rel1-mingw-w64-i686-arm-none-eabi/bin/../lib/gcc/arm-none-eabi/12.2.1/thumb/v7e-m+fp/hard\libc_nano.a(libc_a-findfp.o) (__sread)
c:/tools/arm-gnu-toolchain-12.2.mpacbti-rel1-mingw-w64-i686-arm-none-eabi/bin/../lib/gcc/arm-none-eabi/12.2.1/thumb/v7e-m+fp/hard\libc_nano.a(libc_a-memset.o)
                              c:/tools/arm-gnu-toolchain-12.2.mpacbti-rel1-mingw-w64-i686-arm-none-eabi/bin/../lib/gcc/arm-none-eabi/12.2.1/thumb/v7e-m+fp/hard/crt0.o (memset)
c:/tools/arm-gnu-toolchain-12.2.mpacbti-rel1-mingw-w64-i686-arm-none-eabi/bin/../lib/gcc/arm-none-eabi/12.2.1/thumb/v7e-m+fp/hard\libc_nano.a(libc_a-closer.o)
                              c:/tools/arm-gnu-toolchain-12.2.mpacbti-rel1-mingw-w64-i686-arm-none-eabi/bin/../lib/gcc/arm-none-eabi/12.2.1/thumb/v7e-m+fp/hard\libc_nano.a(libc_a-stdio.o) (_close_r)
c:/tools/arm-gnu-toolchain-12.2.mpacbti-rel1-mingw-w64-i686-arm-none-eabi/bin/../lib/gcc/arm-none-eabi/12.2.1/thumb/v7e-m+fp/hard\libc_nano.a(libc_a-reent.o)
                              c:/tools/arm-gnu-toolchain-12.2.mpacbti-rel1-mingw-w64-i686-arm-none-eabi/bin/../lib/gcc/arm-none-eabi/12.2.1/thumb/v7e-m+fp/hard\libc_nano.a(libc_a-closer.o) (errno)
c:/tools/arm-gnu-toolchain-12.2.mpacbti-rel1-mingw-w64-i686-arm-none-eabi/bin/../lib/gcc/arm-none-eabi/12.2.1/thumb/v7e-m+fp/hard\libc_nano.a(libc_a-impure.o)
                              c:/tools/arm-gnu-toolchain-12.2.mpacbti-rel1-mingw-w64-i686-arm-none-eabi/bin/../lib/gcc/arm-none-eabi/12.2.1/thumb/v7e-m+fp/hard\libc_nano.a(libc_a-sprintf.o) (_impure_ptr)
c:/tools/arm-gnu-toolchain-12.2.mpacbti-rel1-mingw-w64-i686-arm-none-eabi/bin/../lib/gcc/arm-none-eabi/12.2.1/thumb/v7e-m+fp/hard\libc_nano.a(libc_a-lseekr.o)
                              c:/tools/arm-gnu-toolchain-12.2.mpacbti-rel1-mingw-w64-i686-arm-none-eabi/bin/../lib/gcc/arm-none-eabi/12.2.1/thumb/v7e-m+fp/hard\libc_nano.a(libc_a-stdio.o) (_lseek_r)
c:/tools/arm-gnu-toolchain-12.2.mpacbti-rel1-mingw-w64-i686-arm-none-eabi/bin/../lib/gcc/arm-none-eabi/12.2.1/thumb/v7e-m+fp/hard\libc_nano.a(libc_a-readr.o)
                              c:/tools/arm-gnu-toolchain-12.2.mpacbti-rel1-mingw-w64-i686-arm-none-eabi/bin/../lib/gcc/arm-none-eabi/12.2.1/thumb/v7e-m+fp/hard\libc_nano.a(libc_a-stdio.o) (_read_r)
c:/tools/arm-gnu-toolchain-12.2.mpacbti-rel1-mingw-w64-i686-arm-none-eabi/bin/../lib/gcc/arm-none-eabi/12.2.1/thumb/v7e-m+fp/hard\libc_nano.a(libc_a-writer.o)
                              c:/tools/arm-gnu-toolchain-12.2.mpacbti-rel1-mingw-w64-i686-arm-none-eabi/bin/../lib/gcc/arm-none-eabi/12.2.1/thumb/v7e-m+fp/hard\libc_nano.a(libc_a-stdio.o) (_write_r)
c:/tools/arm-gnu-toolchain-12.2.mpacbti-rel1-mingw-w64-i686-arm-none-eabi/bin/../lib/gcc/arm-none-eabi/12.2.1/thumb/v7e-m+fp/hard\libc_nano.a(libc_a-init.o)
                              c:/tools/arm-gnu-toolchain-12.2.mpacbti-rel1-mingw-w64-i686-arm-none-eabi/bin/../lib/gcc/arm-none-eabi/12.2.1/thumb/v7e-m+fp/hard/crt0.o (__libc_init_array)
c:/tools/arm-gnu-toolchain-12.2.mpacbti-rel1-mingw-w64-i686-arm-none-eabi/bin/../lib/gcc/arm-none-eabi/12.2.1/thumb/v7e-m+fp/hard\libc_nano.a(libc_a-lock.o)
                              c:/tools/arm-gnu-toolchain-12.2.mpacbti-rel1-mingw-w64-i686-arm-none-eabi/bin/../lib/gcc/arm-none-eabi/12.2.1/thumb/v7e-m+fp/hard\libc_nano.a(libc_a-findfp.o) (__retarget_lock_init_recursive)
[...]
Memory Configuration

Name             Origin             Length             Attributes
RAM              0x20000000         0x00018000         xrw
RAM2             0x10000000         0x00008000         xrw
FLASH            0x08000000         0x00100000         xr
*default*        0x00000000         0xffffffff

Linker script and memory map

LOAD c:/tools/arm-gnu-toolchain-12.2.mpacbti-rel1-mingw-w64-i686-arm-none-eabi/bin/../lib/gcc/arm-none-eabi/12.2.1/thumb/v7e-m+fp/hard/crti.o
LOAD c:/tools/arm-gnu-toolchain-12.2.mpacbti-rel1-mingw-w64-i686-arm-none-eabi/bin/../lib/gcc/arm-none-eabi/12.2.1/thumb/v7e-m+fp/hard/crtbegin.o
LOAD c:/tools/arm-gnu-toolchain-12.2.mpacbti-rel1-mingw-w64-i686-arm-none-eabi/bin/../lib/gcc/arm-none-eabi/12.2.1/thumb/v7e-m+fp/hard/crt0.o
LOAD build/main.o
LOAD build/stm32l4xx_it.o
LOAD build/stm32l4xx_hal_msp.o
LOAD build/stm32l4xx_hal_sai.o
LOAD build/stm32l4xx_hal_sai_ex.o
LOAD build/stm32l4xx_hal.o
LOAD build/stm32l4xx_hal_rcc.o
LOAD build/stm32l4xx_hal_rcc_ex.o
LOAD build/stm32l4xx_hal_flash.o
LOAD build/stm32l4xx_hal_flash_ex.o
LOAD build/stm32l4xx_hal_flash_ramfunc.o
LOAD build/stm32l4xx_hal_gpio.o
LOAD build/stm32l4xx_hal_dma.o
LOAD build/stm32l4xx_hal_dma_ex.o
LOAD build/stm32l4xx_hal_pwr.o
LOAD build/stm32l4xx_hal_pwr_ex.o
LOAD build/stm32l4xx_hal_cortex.o
LOAD build/stm32l4xx_hal_exti.o
LOAD build/stm32l4xx_hal_tim.o
LOAD build/stm32l4xx_hal_tim_ex.o
LOAD build/stm32l4xx_hal_uart.o
LOAD build/stm32l4xx_hal_uart_ex.o
LOAD build/system_stm32l4xx.o
LOAD build/CommonTables.o
LOAD build/StatisticsFunctions.o
LOAD build/TransformFunctions.o
LOAD build/ComplexMathFunctions.o
LOAD build/FastMathFunctions.o
LOAD build/startup_stm32l476xx.o
LOAD c:/tools/arm-gnu-toolchain-12.2.mpacbti-rel1-mingw-w64-i686-arm-none-eabi/bin/../lib/gcc/arm-none-eabi/12.2.1/thumb/v7e-m+fp/hard\libc_nano.a
LOAD c:/tools/arm-gnu-toolchain-12.2.mpacbti-rel1-mingw-w64-i686-arm-none-eabi/bin/../lib/gcc/arm-none-eabi/12.2.1/thumb/v7e-m+fp/hard\libm.a
LOAD c:/tools/arm-gnu-toolchain-12.2.mpacbti-rel1-mingw-w64-i686-arm-none-eabi/bin/../lib/gcc/arm-none-eabi/12.2.1/thumb/v7e-m+fp/hard\libnosys.a
START GROUP
LOAD c:/tools/arm-gnu-toolchain-12.2.mpacbti-rel1-mingw-w64-i686-arm-none-eabi/bin/../lib/gcc/arm-none-eabi/12.2.1/thumb/v7e-m+fp/hard\libgcc.a
LOAD c:/tools/arm-gnu-toolchain-12.2.mpacbti-rel1-mingw-w64-i686-arm-none-eabi/bin/../lib/gcc/arm-none-eabi/12.2.1/thumb/v7e-m+fp/hard\libc_nano.a
END GROUP
START GROUP
LOAD c:/tools/arm-gnu-toolchain-12.2.mpacbti-rel1-mingw-w64-i686-arm-none-eabi/bin/../lib/gcc/arm-none-eabi/12.2.1/thumb/v7e-m+fp/hard\libgcc.a
LOAD c:/tools/arm-gnu-toolchain-12.2.mpacbti-rel1-mingw-w64-i686-arm-none-eabi/bin/../lib/gcc/arm-none-eabi/12.2.1/thumb/v7e-m+fp/hard\libc_nano.a
LOAD c:/tools/arm-gnu-toolchain-12.2.mpacbti-rel1-mingw-w64-i686-arm-none-eabi/bin/../lib/gcc/arm-none-eabi/12.2.1/thumb/v7e-m+fp/hard\libnosys.a
END GROUP
START GROUP
LOAD c:/tools/arm-gnu-toolchain-12.2.mpacbti-rel1-mingw-w64-i686-arm-none-eabi/bin/../lib/gcc/arm-none-eabi/12.2.1/thumb/v7e-m+fp/hard\libgcc.a
LOAD c:/tools/arm-gnu-toolchain-12.2.mpacbti-rel1-mingw-w64-i686-arm-none-eabi/bin/../lib/gcc/arm-none-eabi/12.2.1/thumb/v7e-m+fp/hard\libc_nano.a
LOAD c:/tools/arm-gnu-toolchain-12.2.mpacbti-rel1-mingw-w64-i686-arm-none-eabi/bin/../lib/gcc/arm-none-eabi/12.2.1/thumb/v7e-m+fp/hard\libnosys.a
END GROUP
LOAD c:/tools/arm-gnu-toolchain-12.2.mpacbti-rel1-mingw-w64-i686-arm-none-eabi/bin/../lib/gcc/arm-none-eabi/12.2.1/thumb/v7e-m+fp/hard/crtend.o
LOAD c:/tools/arm-gnu-toolchain-12.2.mpacbti-rel1-mingw-w64-i686-arm-none-eabi/bin/../lib/gcc/arm-none-eabi/12.2.1/thumb/v7e-m+fp/hard/crtn.o
                0x20018000                        _estack = (ORIGIN (RAM) + LENGTH (RAM))
                0x00000200                        _Min_Heap_Size = 0x200
                0x00000400                        _Min_Stack_Size = 0x400

.isr_vector     0x08000000      0x188
                0x08000000                        . = ALIGN (0x8)
 *(.isr_vector)
 .isr_vector    0x08000000      0x188 build/startup_stm32l476xx.o
                0x08000000                g_pfnVectors
                0x08000188                        . = ALIGN (0x8)

.text           0x08000190     0x56c0
                0x08000190                        . = ALIGN (0x8)
 *(.text)
 .text          0x08000190       0x10 c:/tools/arm-gnu-toolchain-12.2.mpacbti-rel1-mingw-w64-i686-arm-none-eabi/bin/../lib/gcc/arm-none-eabi/12.2.1/thumb/v7e-m+fp/hard\libc_nano.a(libc_a-strlen.o)
                0x08000190                strlen
 .text          0x080001a0       0xa0 c:/tools/arm-gnu-toolchain-12.2.mpacbti-rel1-mingw-w64-i686-arm-none-eabi/bin/../lib/gcc/arm-none-eabi/12.2.1/thumb/v7e-m+fp/hard\libc_nano.a(libc_a-memchr.o)
                0x080001a0                memchr
 .text          0x08000240      0x254 c:/tools/arm-gnu-toolchain-12.2.mpacbti-rel1-mingw-w64-i686-arm-none-eabi/bin/../lib/gcc/arm-none-eabi/12.2.1/thumb/v7e-m+fp/hard\libgcc.a(_arm_muldf3.o)
                0x08000240                __muldf3
                0x08000240                __aeabi_dmul
 .text          0x08000494      0x378 c:/tools/arm-gnu-toolchain-12.2.mpacbti-rel1-mingw-w64-i686-arm-none-eabi/bin/../lib/gcc/arm-none-eabi/12.2.1/thumb/v7e-m+fp/hard\libgcc.a(_arm_addsubdf3.o)
                0x08000494                __aeabi_drsub
                0x0800049c                __aeabi_dsub
                0x0800049c                __subdf3
                0x080004a0                __aeabi_dadd
                0x080004a0                __adddf3
                0x08000718                __floatunsidf
                0x08000718                __aeabi_ui2d
                0x08000738                __floatsidf
                0x08000738                __aeabi_i2d
                0x0800075c                __aeabi_f2d
                0x0800075c                __extendsfdf2
                0x080007a0                __floatundidf
                0x080007a0                __aeabi_ul2d
                0x080007b0                __floatdidf
                0x080007b0                __aeabi_l2d
 .text          0x0800080c       0xa0 c:/tools/arm-gnu-toolchain-12.2.mpacbti-rel1-mingw-w64-i686-arm-none-eabi/bin/../lib/gcc/arm-none-eabi/12.2.1/thumb/v7e-m+fp/hard\libgcc.a(_arm_truncdfsf2.o)
                0x0800080c                __truncdfsf2
                0x0800080c                __aeabi_d2f
 .text          0x080008ac       0x30 c:/tools/arm-gnu-toolchain-12.2.mpacbti-rel1-mingw-w64-i686-arm-none-eabi/bin/../lib/gcc/arm-none-eabi/12.2.1/thumb/v7e-m+fp/hard\libgcc.a(_aeabi_uldivmod.o)
                0x080008ac                __aeabi_uldivmod
 .text          0x080008dc        0x4 c:/tools/arm-gnu-toolchain-12.2.mpacbti-rel1-mingw-w64-i686-arm-none-eabi/bin/../lib/gcc/arm-none-eabi/12.2.1/thumb/v7e-m+fp/hard\libgcc.a(_dvmd_tls.o)
                0x080008dc                __aeabi_idiv0
                0x080008dc                __aeabi_ldiv0
 *(.text*)
 .text.deregister_tm_clones
                0x080008e0       0x1c c:/tools/arm-gnu-toolchain-12.2.mpacbti-rel1-mingw-w64-i686-arm-none-eabi/bin/../lib/gcc/arm-none-eabi/12.2.1/thumb/v7e-m+fp/hard/crtbegin.o
 .text.register_tm_clones
                0x080008fc       0x24 c:/tools/arm-gnu-toolchain-12.2.mpacbti-rel1-mingw-w64-i686-arm-none-eabi/bin/../lib/gcc/arm-none-eabi/12.2.1/thumb/v7e-m+fp/hard/crtbegin.o
 .text.__do_global_dtors_aux
                0x08000920       0x28 c:/tools/arm-gnu-toolchain-12.2.mpacbti-rel1-mingw-w64-i686-arm-none-eabi/bin/../lib/gcc/arm-none-eabi/12.2.1/thumb/v7e-m+fp/hard/crtbegin.o
 .text.frame_dummy
                0x08000948       0x24 c:/tools/arm-gnu-toolchain-12.2.mpacbti-rel1-mingw-w64-i686-arm-none-eabi/bin/../lib/gcc/arm-none-eabi/12.2.1/thumb/v7e-m+fp/hard/crtbegin.o
 .text.MX_GPIO_Init
                0x0800096c       0xa0 build/main.o
 .text.MX_DMA_Init
                0x08000a0c       0x34 build/main.o
 .text.HAL_SAI_RxCpltCallback
                0x08000a40        0xc build/main.o
                0x08000a40                HAL_SAI_RxCpltCallback
 .text.do_fft   0x08000a4c      0x16c build/main.o
                0x08000a4c                do_fft
 .text.Error_Handler
                0x08000bb8        0x4 build/main.o
                0x08000bb8                Error_Handler
 .text.MX_SAI1_Init
                0x08000bbc       0x3c build/main.o
 .text.MX_USART2_UART_Init
                0x08000bf8       0x38 build/main.o
 .text.SystemClock_Config
                0x08000c30       0x7a build/main.o
                0x08000c30                SystemClock_Config
 *fill*         0x08000caa        0x2 
 .text.main     0x08000cac       0x3c build/main.o
                0x08000cac                main
 .text.NMI_Handler
                0x08000ce8        0x2 build/stm32l4xx_it.o
                0x08000ce8                NMI_Handler
 .text.HardFault_Handler
                0x08000cea        0x2 build/stm32l4xx_it.o
                0x08000cea                HardFault_Handler
 .text.MemManage_Handler
                0x08000cec        0x2 build/stm32l4xx_it.o
                0x08000cec                MemManage_Handler
 .text.BusFault_Handler
                0x08000cee        0x2 build/stm32l4xx_it.o
                0x08000cee                BusFault_Handler
 .text.UsageFault_Handler
                0x08000cf0        0x2 build/stm32l4xx_it.o
                0x08000cf0                UsageFault_Handler
 .text.SVC_Handler
                0x08000cf2        0x2 build/stm32l4xx_it.o
                0x08000cf2                SVC_Handler
 .text.DebugMon_Handler
                0x08000cf4        0x2 build/stm32l4xx_it.o
                0x08000cf4                DebugMon_Handler
 .text.PendSV_Handler
                0x08000cf6        0x2 build/stm32l4xx_it.o
                0x08000cf6                PendSV_Handler
 .text.SysTick_Handler
                0x08000cf8        0x8 build/stm32l4xx_it.o
                0x08000cf8                SysTick_Handler
 .text.DMA2_Channel1_IRQHandler
                0x08000d00       0x10 build/stm32l4xx_it.o
                0x08000d00                DMA2_Channel1_IRQHandler
 .text.HAL_MspInit
                0x08000d10       0x30 build/stm32l4xx_hal_msp.o
                0x08000d10                HAL_MspInit
 .text.HAL_UART_MspInit
                0x08000d40       0x88 build/stm32l4xx_hal_msp.o
                0x08000d40                HAL_UART_MspInit
 .text.HAL_SAI_MspInit
                0x08000dc8       0xf8 build/stm32l4xx_hal_msp.o
                0x08000dc8                HAL_SAI_MspInit
 .text.SAI_InitI2S
                0x08000ec0      0x12a build/stm32l4xx_hal_sai.o
 .text.SAI_InitPCM
                0x08000fea       0x92 build/stm32l4xx_hal_sai.o
 .text.SAI_InterruptFlag
                0x0800107c       0x34 build/stm32l4xx_hal_sai.o
 .text.SAI_Disable
                0x080010b0       0x44 build/stm32l4xx_hal_sai.o
 .text.HAL_SAI_Init
                0x080010f4      0x1e8 build/stm32l4xx_hal_sai.o
                0x080010f4                HAL_SAI_Init
 .text.HAL_SAI_InitProtocol
                0x080012dc       0x2a build/stm32l4xx_hal_sai.o
                0x080012dc                HAL_SAI_InitProtocol
 *fill*         0x08001306        0x2 
 .text.HAL_SAI_Receive_DMA
                0x08001308       0xc4 build/stm32l4xx_hal_sai.o
                0x08001308                HAL_SAI_Receive_DMA
 .text.SAI_DMARxCplt
                0x080013cc       0x38 build/stm32l4xx_hal_sai.o
 .text.HAL_SAI_RxHalfCpltCallback
                0x08001404        0x2 build/stm32l4xx_hal_sai.o
                0x08001404                HAL_SAI_RxHalfCpltCallback
 .text.SAI_DMARxHalfCplt
                0x08001406        0xa build/stm32l4xx_hal_sai.o
 .text.HAL_SAI_ErrorCallback
                0x08001410        0x2 build/stm32l4xx_hal_sai.o
                0x08001410                HAL_SAI_ErrorCallback
 .text.SAI_DMAError
                0x08001412       0x34 build/stm32l4xx_hal_sai.o
 *fill*         0x08001446        0x2 
 .text.HAL_InitTick
                0x08001448       0x50 build/stm32l4xx_hal.o
                0x08001448                HAL_InitTick
 .text.HAL_Init
                0x08001498       0x2c build/stm32l4xx_hal.o
                0x08001498                HAL_Init
 .text.HAL_IncTick
                0x080014c4       0x18 build/stm32l4xx_hal.o
                0x080014c4                HAL_IncTick
 .text.HAL_GetTick
                0x080014dc        0xc build/stm32l4xx_hal.o
                0x080014dc                HAL_GetTick
 .text.RCC_SetFlashLatencyFromMSIRange
                0x080014e8       0x90 build/stm32l4xx_hal_rcc.o
 .text.HAL_RCC_GetSysClockFreq
                0x08001578       0xb4 build/stm32l4xx_hal_rcc.o
                0x08001578                HAL_RCC_GetSysClockFreq
 .text.HAL_RCC_OscConfig
                0x0800162c      0x61c build/stm32l4xx_hal_rcc.o
                0x0800162c                HAL_RCC_OscConfig
 .text.HAL_RCC_ClockConfig
                0x08001c48      0x188 build/stm32l4xx_hal_rcc.o
                0x08001c48                HAL_RCC_ClockConfig
 .text.HAL_RCC_GetHCLKFreq
                0x08001dd0        0xc build/stm32l4xx_hal_rcc.o
                0x08001dd0                HAL_RCC_GetHCLKFreq
 .text.HAL_RCC_GetPCLK1Freq
                0x08001ddc       0x24 build/stm32l4xx_hal_rcc.o
                0x08001ddc                HAL_RCC_GetPCLK1Freq
 .text.HAL_RCC_GetPCLK2Freq
                0x08001e00       0x24 build/stm32l4xx_hal_rcc.o
                0x08001e00                HAL_RCC_GetPCLK2Freq
 .text.RCCEx_GetSAIxPeriphCLKFreq
                0x08001e24      0x120 build/stm32l4xx_hal_rcc_ex.o
 .text.RCCEx_PLLSAI1_Config
                0x08001f44      0x170 build/stm32l4xx_hal_rcc_ex.o
 .text.RCCEx_PLLSAI2_Config
                0x080020b4      0x14c build/stm32l4xx_hal_rcc_ex.o
 .text.HAL_RCCEx_PeriphCLKConfig
                0x08002200      0x454 build/stm32l4xx_hal_rcc_ex.o
                0x08002200                HAL_RCCEx_PeriphCLKConfig
 .text.HAL_RCCEx_GetPeriphCLKFreq
                0x08002654      0x6f8 build/stm32l4xx_hal_rcc_ex.o
                0x08002654                HAL_RCCEx_GetPeriphCLKFreq
 .text.HAL_GPIO_Init
                0x08002d4c      0x200 build/stm32l4xx_hal_gpio.o
                0x08002d4c                HAL_GPIO_Init
 .text.HAL_GPIO_WritePin
                0x08002f4c        0xa build/stm32l4xx_hal_gpio.o
                0x08002f4c                HAL_GPIO_WritePin
 .text.DMA_SetConfig
                0x08002f56       0x32 build/stm32l4xx_hal_dma.o
 .text.HAL_DMA_Init
                0x08002f88      0x108 build/stm32l4xx_hal_dma.o
                0x08002f88                HAL_DMA_Init
 .text.HAL_DMA_Start_IT
                0x08003090       0x76 build/stm32l4xx_hal_dma.o
                0x08003090                HAL_DMA_Start_IT
 .text.HAL_DMA_IRQHandler
                0x08003106       0xc4 build/stm32l4xx_hal_dma.o
                0x08003106                HAL_DMA_IRQHandler
 *fill*         0x080031ca        0x2 
 .text.HAL_PWREx_GetVoltageRange
                0x080031cc       0x10 build/stm32l4xx_hal_pwr_ex.o
                0x080031cc                HAL_PWREx_GetVoltageRange
 .text.HAL_PWREx_ControlVoltageScaling
                0x080031dc       0x90 build/stm32l4xx_hal_pwr_ex.o
                0x080031dc                HAL_PWREx_ControlVoltageScaling
 .text.__NVIC_EnableIRQ
                0x0800326c       0x1c build/stm32l4xx_hal_cortex.o
 .text.__NVIC_SetPriority
                0x08003288       0x28 build/stm32l4xx_hal_cortex.o
 .text.NVIC_EncodePriority
                0x080032b0       0x3e build/stm32l4xx_hal_cortex.o
 *fill*         0x080032ee        0x2 
 .text.HAL_NVIC_SetPriorityGrouping
                0x080032f0       0x24 build/stm32l4xx_hal_cortex.o
                0x080032f0                HAL_NVIC_SetPriorityGrouping
 .text.HAL_NVIC_SetPriority
                0x08003314       0x20 build/stm32l4xx_hal_cortex.o
                0x08003314                HAL_NVIC_SetPriority
 .text.HAL_NVIC_EnableIRQ
                0x08003334        0x8 build/stm32l4xx_hal_cortex.o
                0x08003334                HAL_NVIC_EnableIRQ
 .text.HAL_SYSTICK_Config
                0x0800333c       0x28 build/stm32l4xx_hal_cortex.o
                0x0800333c                HAL_SYSTICK_Config
 .text.UART_SetConfig
                0x08003364      0x328 build/stm32l4xx_hal_uart.o
                0x08003364                UART_SetConfig
 .text.UART_AdvFeatureConfig
                0x0800368c       0xca build/stm32l4xx_hal_uart.o
                0x0800368c                UART_AdvFeatureConfig
 .text.UART_WaitOnFlagUntilTimeout
                0x08003756       0xd0 build/stm32l4xx_hal_uart.o
                0x08003756                UART_WaitOnFlagUntilTimeout
 .text.HAL_UART_Transmit
                0x08003826       0xd8 build/stm32l4xx_hal_uart.o
                0x08003826                HAL_UART_Transmit
 .text.UART_CheckIdleState
                0x080038fe       0x70 build/stm32l4xx_hal_uart.o
                0x080038fe                UART_CheckIdleState
 .text.HAL_UART_Init
                0x0800396e       0x62 build/stm32l4xx_hal_uart.o
                0x0800396e                HAL_UART_Init
 .text.SystemInit
                0x080039d0       0x14 build/system_stm32l4xx.o
                0x080039d0                SystemInit
 .text.arm_max_f32
                0x080039e4       0x30 build/StatisticsFunctions.o
                0x080039e4                arm_max_f32
 .text.arm_rfft_32_fast_init_f32
                0x08003a14       0x30 build/TransformFunctions.o
                0x08003a14                arm_rfft_32_fast_init_f32
 .text.arm_rfft_64_fast_init_f32
                0x08003a44       0x30 build/TransformFunctions.o
                0x08003a44                arm_rfft_64_fast_init_f32
 .text.arm_rfft_256_fast_init_f32
                0x08003a74       0x34 build/TransformFunctions.o
                0x08003a74                arm_rfft_256_fast_init_f32
 .text.arm_rfft_512_fast_init_f32
                0x08003aa8       0x38 build/TransformFunctions.o
                0x08003aa8                arm_rfft_512_fast_init_f32
 .text.arm_rfft_1024_fast_init_f32
                0x08003ae0       0x38 build/TransformFunctions.o
                0x08003ae0                arm_rfft_1024_fast_init_f32
 .text.arm_rfft_2048_fast_init_f32
                0x08003b18       0x38 build/TransformFunctions.o
                0x08003b18                arm_rfft_2048_fast_init_f32
 .text.arm_rfft_4096_fast_init_f32
                0x08003b50       0x38 build/TransformFunctions.o
                0x08003b50                arm_rfft_4096_fast_init_f32
 .text.arm_bitreversal_32
                0x08003b88       0x4a build/TransformFunctions.o
                0x08003b88                arm_bitreversal_32
 *fill*         0x08003bd2        0x2 
 .text.arm_radix8_butterfly_f32
                0x08003bd4      0x5ac build/TransformFunctions.o
                0x08003bd4                arm_radix8_butterfly_f32
 .text.arm_cfft_radix8by2_f32
                0x08004180      0x1f4 build/TransformFunctions.o
                0x08004180                arm_cfft_radix8by2_f32
 .text.arm_cfft_radix8by4_f32
                0x08004374      0x4be build/TransformFunctions.o
                0x08004374                arm_cfft_radix8by4_f32
 .text.arm_cfft_f32
                0x08004832       0xda build/TransformFunctions.o
                0x08004832                arm_cfft_f32
 .text.stage_rfft_f32
                0x0800490c       0xba build/TransformFunctions.o
                0x0800490c                stage_rfft_f32
 .text.merge_rfft_f32
                0x080049c6       0xb2 build/TransformFunctions.o
                0x080049c6                merge_rfft_f32
 .text.arm_rfft_fast_f32
                0x08004a78       0x3a build/TransformFunctions.o
                0x08004a78                arm_rfft_fast_f32
 *fill*         0x08004ab2        0x2 
 .text.arm_rfft_fast_init_f32
                0x08004ab4       0x70 build/TransformFunctions.o
                0x08004ab4                arm_rfft_fast_init_f32
 .text.arm_cmplx_mag_f32
                0x08004b24       0x44 build/ComplexMathFunctions.o
                0x08004b24                arm_cmplx_mag_f32
 .text.Reset_Handler
                0x08004b68       0x50 build/startup_stm32l476xx.o
                0x08004b68                Reset_Handler
 .text.Default_Handler
                0x08004bb8        0x2 build/startup_stm32l476xx.o
                0x08004bb8                RTC_Alarm_IRQHandler
                0x08004bb8                EXTI2_IRQHandler
                0x08004bb8                TIM8_TRG_COM_IRQHandler
                0x08004bb8                TIM8_CC_IRQHandler
                0x08004bb8                TIM1_CC_IRQHandler
                0x08004bb8                TSC_IRQHandler
                0x08004bb8                TAMP_STAMP_IRQHandler
                0x08004bb8                EXTI3_IRQHandler
                0x08004bb8                LPTIM2_IRQHandler
                0x08004bb8                DFSDM1_FLT1_IRQHandler
                0x08004bb8                I2C3_ER_IRQHandler
                0x08004bb8                DFSDM1_FLT2_IRQHandler
                0x08004bb8                EXTI0_IRQHandler
                0x08004bb8                I2C2_EV_IRQHandler
                0x08004bb8                CAN1_RX0_IRQHandler
                0x08004bb8                FPU_IRQHandler
                0x08004bb8                TIM1_UP_TIM16_IRQHandler
                0x08004bb8                ADC1_2_IRQHandler
                0x08004bb8                SPI1_IRQHandler
                0x08004bb8                TIM6_DAC_IRQHandler
                0x08004bb8                TIM8_UP_IRQHandler
                0x08004bb8                DMA2_Channel2_IRQHandler
                0x08004bb8                DMA1_Channel4_IRQHandler
                0x08004bb8                SAI2_IRQHandler
                0x08004bb8                DFSDM1_FLT3_IRQHandler
                0x08004bb8                USART3_IRQHandler
                0x08004bb8                DMA1_Channel7_IRQHandler
                0x08004bb8                CAN1_RX1_IRQHandler
                0x08004bb8                LCD_IRQHandler
                0x08004bb8                UART5_IRQHandler
                0x08004bb8                ADC3_IRQHandler
                0x08004bb8                TIM4_IRQHandler
                0x08004bb8                QUADSPI_IRQHandler
                0x08004bb8                I2C1_EV_IRQHandler
                0x08004bb8                DMA1_Channel6_IRQHandler
                0x08004bb8                UART4_IRQHandler
                0x08004bb8                DMA2_Channel4_IRQHandler
                0x08004bb8                TIM3_IRQHandler
                0x08004bb8                RCC_IRQHandler
                0x08004bb8                DMA1_Channel1_IRQHandler
                0x08004bb8                Default_Handler
                0x08004bb8                DMA2_Channel7_IRQHandler
                0x08004bb8                EXTI15_10_IRQHandler
                0x08004bb8                TIM7_IRQHandler
                0x08004bb8                SDMMC1_IRQHandler
                0x08004bb8                TIM5_IRQHandler
                0x08004bb8                I2C3_EV_IRQHandler
                0x08004bb8                EXTI9_5_IRQHandler
                0x08004bb8                RTC_WKUP_IRQHandler
                0x08004bb8                PVD_PVM_IRQHandler
                0x08004bb8                SPI2_IRQHandler
                0x08004bb8                CAN1_TX_IRQHandler
                0x08004bb8                DMA2_Channel5_IRQHandler
                0x08004bb8                DMA1_Channel5_IRQHandler
                0x08004bb8                EXTI4_IRQHandler
                0x08004bb8                RNG_IRQHandler
                0x08004bb8                TIM1_TRG_COM_TIM17_IRQHandler
                0x08004bb8                DMA1_Channel3_IRQHandler
                0x08004bb8                COMP_IRQHandler
                0x08004bb8                WWDG_IRQHandler
                0x08004bb8                LPUART1_IRQHandler
                0x08004bb8                DMA2_Channel6_IRQHandler
                0x08004bb8                TIM2_IRQHandler
                0x08004bb8                EXTI1_IRQHandler
                0x08004bb8                USART2_IRQHandler
                0x08004bb8                DFSDM1_FLT0_IRQHandler
                0x08004bb8                I2C2_ER_IRQHandler
                0x08004bb8                DMA1_Channel2_IRQHandler
                0x08004bb8                TIM8_BRK_IRQHandler
                0x08004bb8                CAN1_SCE_IRQHandler
                0x08004bb8                FLASH_IRQHandler
                0x08004bb8                USART1_IRQHandler
                0x08004bb8                OTG_FS_IRQHandler
                0x08004bb8                SPI3_IRQHandler
                0x08004bb8                I2C1_ER_IRQHandler
                0x08004bb8                FMC_IRQHandler
                0x08004bb8                SWPMI1_IRQHandler
                0x08004bb8                LPTIM1_IRQHandler
                0x08004bb8                SAI1_IRQHandler
                0x08004bb8                DMA2_Channel3_IRQHandler
                0x08004bb8                TIM1_BRK_TIM15_IRQHandler
 *fill*         0x08004bba        0x2 
 .text.sprintf  0x08004bbc       0x40 c:/tools/arm-gnu-toolchain-12.2.mpacbti-rel1-mingw-w64-i686-arm-none-eabi/bin/../lib/gcc/arm-none-eabi/12.2.1/thumb/v7e-m+fp/hard\libc_nano.a(libc_a-sprintf.o)
                0x08004bbc                siprintf
                0x08004bbc                sprintf
 .text.memset   0x08004bfc       0x10 c:/tools/arm-gnu-toolchain-12.2.mpacbti-rel1-mingw-w64-i686-arm-none-eabi/bin/../lib/gcc/arm-none-eabi/12.2.1/thumb/v7e-m+fp/hard\libc_nano.a(libc_a-memset.o)
                0x08004bfc                memset
 .text.__libc_init_array
                0x08004c0c       0x48 c:/tools/arm-gnu-toolchain-12.2.mpacbti-rel1-mingw-w64-i686-arm-none-eabi/bin/../lib/gcc/arm-none-eabi/12.2.1/thumb/v7e-m+fp/hard\libc_nano.a(libc_a-init.o)
                0x08004c0c                __libc_init_array
 .text.__retarget_lock_acquire_recursive
                0x08004c54        0x2 c:/tools/arm-gnu-toolchain-12.2.mpacbti-rel1-mingw-w64-i686-arm-none-eabi/bin/../lib/gcc/arm-none-eabi/12.2.1/thumb/v7e-m+fp/hard\libc_nano.a(libc_a-lock.o)
                0x08004c54                __retarget_lock_acquire_recursive
 .text.__retarget_lock_release_recursive
                0x08004c56        0x2 c:/tools/arm-gnu-toolchain-12.2.mpacbti-rel1-mingw-w64-i686-arm-none-eabi/bin/../lib/gcc/arm-none-eabi/12.2.1/thumb/v7e-m+fp/hard\libc_nano.a(libc_a-lock.o)
                0x08004c56                __retarget_lock_release_recursive
 .text._free_r  0x08004c58       0x94 c:/tools/arm-gnu-toolchain-12.2.mpacbti-rel1-mingw-w64-i686-arm-none-eabi/bin/../lib/gcc/arm-none-eabi/12.2.1/thumb/v7e-m+fp/hard\libc_nano.a(libc_a-freer.o)
                0x08004c58                _free_r
 .text.sbrk_aligned
                0x08004cec       0x44 c:/tools/arm-gnu-toolchain-12.2.mpacbti-rel1-mingw-w64-i686-arm-none-eabi/bin/../lib/gcc/arm-none-eabi/12.2.1/thumb/v7e-m+fp/hard\libc_nano.a(libc_a-mallocr.o)
 .text._malloc_r
                0x08004d30      0x100 c:/tools/arm-gnu-toolchain-12.2.mpacbti-rel1-mingw-w64-i686-arm-none-eabi/bin/../lib/gcc/arm-none-eabi/12.2.1/thumb/v7e-m+fp/hard\libc_nano.a(libc_a-mallocr.o)
                0x08004d30                _malloc_r
 .text.__malloc_lock
                0x08004e30        0xc c:/tools/arm-gnu-toolchain-12.2.mpacbti-rel1-mingw-w64-i686-arm-none-eabi/bin/../lib/gcc/arm-none-eabi/12.2.1/thumb/v7e-m+fp/hard\libc_nano.a(libc_a-mlock.o)
                0x08004e30                __malloc_lock
 .text.__malloc_unlock
                0x08004e3c        0xc c:/tools/arm-gnu-toolchain-12.2.mpacbti-rel1-mingw-w64-i686-arm-none-eabi/bin/../lib/gcc/arm-none-eabi/12.2.1/thumb/v7e-m+fp/hard\libc_nano.a(libc_a-mlock.o)
                0x08004e3c                __malloc_unlock
 .text.__ssputs_r
                0x08004e48       0xb6 c:/tools/arm-gnu-toolchain-12.2.mpacbti-rel1-mingw-w64-i686-arm-none-eabi/bin/../lib/gcc/arm-none-eabi/12.2.1/thumb/v7e-m+fp/hard\libc_nano.a(libc_a-nano-svfprintf.o)
                0x08004e48                __ssputs_r
 *fill*         0x08004efe        0x2 
 .text._svfprintf_r
                0x08004f00      0x1f8 c:/tools/arm-gnu-toolchain-12.2.mpacbti-rel1-mingw-w64-i686-arm-none-eabi/bin/../lib/gcc/arm-none-eabi/12.2.1/thumb/v7e-m+fp/hard\libc_nano.a(libc_a-nano-svfprintf.o)
                0x08004f00                _svfiprintf_r
                0x08004f00                _svfprintf_r
 .text._printf_common
                0x080050f8       0xda c:/tools/arm-gnu-toolchain-12.2.mpacbti-rel1-mingw-w64-i686-arm-none-eabi/bin/../lib/gcc/arm-none-eabi/12.2.1/thumb/v7e-m+fp/hard\libc_nano.a(libc_a-nano-vfprintf_i.o)
                0x080050f8                _printf_common
 *fill*         0x080051d2        0x2 
 .text._printf_i
                0x080051d4      0x258 c:/tools/arm-gnu-toolchain-12.2.mpacbti-rel1-mingw-w64-i686-arm-none-eabi/bin/../lib/gcc/arm-none-eabi/12.2.1/thumb/v7e-m+fp/hard\libc_nano.a(libc_a-nano-vfprintf_i.o)
                0x080051d4                _printf_i
 .text.memmove  0x0800542c       0x34 c:/tools/arm-gnu-toolchain-12.2.mpacbti-rel1-mingw-w64-i686-arm-none-eabi/bin/../lib/gcc/arm-none-eabi/12.2.1/thumb/v7e-m+fp/hard\libc_nano.a(libc_a-memmove.o)
                0x0800542c                memmove
 .text._sbrk_r  0x08005460       0x20 c:/tools/arm-gnu-toolchain-12.2.mpacbti-rel1-mingw-w64-i686-arm-none-eabi/bin/../lib/gcc/arm-none-eabi/12.2.1/thumb/v7e-m+fp/hard\libc_nano.a(libc_a-sbrkr.o)
                0x08005460                _sbrk_r
 .text.memcpy   0x08005480       0x1c c:/tools/arm-gnu-toolchain-12.2.mpacbti-rel1-mingw-w64-i686-arm-none-eabi/bin/../lib/gcc/arm-none-eabi/12.2.1/thumb/v7e-m+fp/hard\libc_nano.a(libc_a-memcpy-stub.o)
                0x08005480                memcpy
 .text._realloc_r
                0x0800549c       0x5c c:/tools/arm-gnu-toolchain-12.2.mpacbti-rel1-mingw-w64-i686-arm-none-eabi/bin/../lib/gcc/arm-none-eabi/12.2.1/thumb/v7e-m+fp/hard\libc_nano.a(libc_a-reallocr.o)
                0x0800549c                _realloc_r
 .text._malloc_usable_size_r
                0x080054f8       0x10 c:/tools/arm-gnu-toolchain-12.2.mpacbti-rel1-mingw-w64-i686-arm-none-eabi/bin/../lib/gcc/arm-none-eabi/12.2.1/thumb/v7e-m+fp/hard\libc_nano.a(libc_a-msizer.o)
                0x080054f8                _malloc_usable_size_r
 .text.sqrtf    0x08005508       0x44 c:/tools/arm-gnu-toolchain-12.2.mpacbti-rel1-mingw-w64-i686-arm-none-eabi/bin/../lib/gcc/arm-none-eabi/12.2.1/thumb/v7e-m+fp/hard\libm.a(libm_a-wf_sqrt.o)
                0x08005508                sqrtf
 .text.__ieee754_sqrtf
                0x0800554c        0x8 c:/tools/arm-gnu-toolchain-12.2.mpacbti-rel1-mingw-w64-i686-arm-none-eabi/bin/../lib/gcc/arm-none-eabi/12.2.1/thumb/v7e-m+fp/hard\libm.a(libm_a-ef_sqrt.o)
                0x0800554c                __ieee754_sqrtf
 .text._sbrk    0x08005554       0x1c c:/tools/arm-gnu-toolchain-12.2.mpacbti-rel1-mingw-w64-i686-arm-none-eabi/bin/../lib/gcc/arm-none-eabi/12.2.1/thumb/v7e-m+fp/hard\libnosys.a(sbrk.o)
                0x08005554                _sbrk
 .text.__udivmoddi4
                0x08005570      0x2bc c:/tools/arm-gnu-toolchain-12.2.mpacbti-rel1-mingw-w64-i686-arm-none-eabi/bin/../lib/gcc/arm-none-eabi/12.2.1/thumb/v7e-m+fp/hard\libgcc.a(_udivmoddi4.o)
                0x08005570                __udivmoddi4
 .text.__errno  0x0800582c        0xc c:/tools/arm-gnu-toolchain-12.2.mpacbti-rel1-mingw-w64-i686-arm-none-eabi/bin/../lib/gcc/arm-none-eabi/12.2.1/thumb/v7e-m+fp/hard\libc_nano.a(libc_a-errno.o)
                0x0800582c                __errno
 *(.glue_7)
 .glue_7        0x08005838        0x0 linker stubs
 *(.glue_7t)
 .glue_7t       0x08005838        0x0 linker stubs
 *(.eh_frame)
 .eh_frame      0x08005838        0x0 c:/tools/arm-gnu-toolchain-12.2.mpacbti-rel1-mingw-w64-i686-arm-none-eabi/bin/../lib/gcc/arm-none-eabi/12.2.1/thumb/v7e-m+fp/hard/crtbegin.o
 *(.init)
 .init          0x08005838        0x4 c:/tools/arm-gnu-toolchain-12.2.mpacbti-rel1-mingw-w64-i686-arm-none-eabi/bin/../lib/gcc/arm-none-eabi/12.2.1/thumb/v7e-m+fp/hard/crti.o
                0x08005838                _init
 .init          0x0800583c        0x8 c:/tools/arm-gnu-toolchain-12.2.mpacbti-rel1-mingw-w64-i686-arm-none-eabi/bin/../lib/gcc/arm-none-eabi/12.2.1/thumb/v7e-m+fp/hard/crtn.o
 *(.fini)
 .fini          0x08005844        0x4 c:/tools/arm-gnu-toolchain-12.2.mpacbti-rel1-mingw-w64-i686-arm-none-eabi/bin/../lib/gcc/arm-none-eabi/12.2.1/thumb/v7e-m+fp/hard/crti.o
                0x08005844                _fini
 .fini          0x08005848        0x8 c:/tools/arm-gnu-toolchain-12.2.mpacbti-rel1-mingw-w64-i686-arm-none-eabi/bin/../lib/gcc/arm-none-eabi/12.2.1/thumb/v7e-m+fp/hard/crtn.o
                0x08005850                        . = ALIGN (0x8)
                0x08005850                        _etext = .

.vfp11_veneer   0x08005850        0x0
 .vfp11_veneer  0x08005850        0x0 linker stubs

.v4_bx          0x08005850        0x0
 .v4_bx         0x08005850        0x0 linker stubs

.iplt           0x08005850        0x0
 .iplt          0x08005850        0x0 c:/tools/arm-gnu-toolchain-12.2.mpacbti-rel1-mingw-w64-i686-arm-none-eabi/bin/../lib/gcc/arm-none-eabi/12.2.1/thumb/v7e-m+fp/hard/crtbegin.o

.rodata         0x08005850    0x13070
                0x08005850                        . = ALIGN (0x8)
 *(.rodata)
 *(.rodata*)
 .rodata.do_fft.str1.4
                0x08005850        0x8 build/main.o
 .rodata.MSIRangeTable
                0x08005858       0x30 build/system_stm32l4xx.o
                0x08005858                MSIRangeTable
 .rodata.APBPrescTable
                0x08005888        0x8 build/system_stm32l4xx.o
                0x08005888                APBPrescTable
 .rodata.AHBPrescTable
                0x08005890       0x10 build/system_stm32l4xx.o
                0x08005890                AHBPrescTable
 .rodata.twiddleCoef_rfft_4096
                0x080058a0     0x4000 build/CommonTables.o
                0x080058a0                twiddleCoef_rfft_4096
 .rodata.twiddleCoef_rfft_2048
                0x080098a0     0x2000 build/CommonTables.o
                0x080098a0                twiddleCoef_rfft_2048
 .rodata.twiddleCoef_rfft_1024
                0x0800b8a0     0x1000 build/CommonTables.o
                0x0800b8a0                twiddleCoef_rfft_1024
 .rodata.twiddleCoef_rfft_512
                0x0800c8a0      0x800 build/CommonTables.o
                0x0800c8a0                twiddleCoef_rfft_512
 .rodata.twiddleCoef_rfft_256
                0x0800d0a0      0x400 build/CommonTables.o
                0x0800d0a0                twiddleCoef_rfft_256
 .rodata.twiddleCoef_rfft_64
                0x0800d4a0      0x100 build/CommonTables.o
                0x0800d4a0                twiddleCoef_rfft_64
 .rodata.twiddleCoef_rfft_32
                0x0800d5a0       0x80 build/CommonTables.o
                0x0800d5a0                twiddleCoef_rfft_32
 .rodata.armBitRevIndexTable2048
                0x0800d620     0x1dc0 build/CommonTables.o
                0x0800d620                armBitRevIndexTable2048
 .rodata.armBitRevIndexTable1024
                0x0800f3e0      0xe10 build/CommonTables.o
                0x0800f3e0                armBitRevIndexTable1024
 .rodata.armBitRevIndexTable512
                0x080101f0      0x380 build/CommonTables.o
                0x080101f0                armBitRevIndexTable512
 .rodata.armBitRevIndexTable256
                0x08010570      0x370 build/CommonTables.o
                0x08010570                armBitRevIndexTable256
 .rodata.armBitRevIndexTable128
                0x080108e0      0x1a0 build/CommonTables.o
                0x080108e0                armBitRevIndexTable128
 .rodata.armBitRevIndexTable32
                0x08010a80       0x60 build/CommonTables.o
                0x08010a80                armBitRevIndexTable32
 .rodata.armBitRevIndexTable16
                0x08010ae0       0x28 build/CommonTables.o
                0x08010ae0                armBitRevIndexTable16
 .rodata.twiddleCoef_2048
                0x08010b08     0x4000 build/CommonTables.o
                0x08010b08                twiddleCoef_2048
 .rodata.twiddleCoef_1024
                0x08014b08     0x2000 build/CommonTables.o
                0x08014b08                twiddleCoef_1024
 .rodata.twiddleCoef_512
                0x08016b08     0x1000 build/CommonTables.o
                0x08016b08                twiddleCoef_512
 .rodata.twiddleCoef_256
                0x08017b08      0x800 build/CommonTables.o
                0x08017b08                twiddleCoef_256
 .rodata.twiddleCoef_128
                0x08018308      0x400 build/CommonTables.o
                0x08018308                twiddleCoef_128
 .rodata.twiddleCoef_32
                0x08018708      0x100 build/CommonTables.o
                0x08018708                twiddleCoef_32
 .rodata.twiddleCoef_16
                0x08018808       0x80 build/CommonTables.o
                0x08018808                twiddleCoef_16
 .rodata._svfprintf_r.str1.1
                0x08018888       0x11 c:/tools/arm-gnu-toolchain-12.2.mpacbti-rel1-mingw-w64-i686-arm-none-eabi/bin/../lib/gcc/arm-none-eabi/12.2.1/thumb/v7e-m+fp/hard\libc_nano.a(libc_a-nano-svfprintf.o)
 .rodata._printf_i.str1.1
                0x08018899       0x22 c:/tools/arm-gnu-toolchain-12.2.mpacbti-rel1-mingw-w64-i686-arm-none-eabi/bin/../lib/gcc/arm-none-eabi/12.2.1/thumb/v7e-m+fp/hard\libc_nano.a(libc_a-nano-vfprintf_i.o)
                0x080188c0                        . = ALIGN (0x8)
 *fill*         0x080188bb        0x5 

.ARM.extab      0x080188c0        0x0
                0x080188c0                        . = ALIGN (0x8)
 *(.ARM.extab* .gnu.linkonce.armextab.*)
                0x080188c0                        . = ALIGN (0x8)

.ARM            0x080188c0        0x8
                0x080188c0                        . = ALIGN (0x8)
                0x080188c0                        __exidx_start = .
 *(.ARM.exidx*)
 .ARM.exidx     0x080188c0        0x8 c:/tools/arm-gnu-toolchain-12.2.mpacbti-rel1-mingw-w64-i686-arm-none-eabi/bin/../lib/gcc/arm-none-eabi/12.2.1/thumb/v7e-m+fp/hard\libc_nano.a(libc_a-strlen.o)
 .ARM.exidx     0x080188c8        0x0 c:/tools/arm-gnu-toolchain-12.2.mpacbti-rel1-mingw-w64-i686-arm-none-eabi/bin/../lib/gcc/arm-none-eabi/12.2.1/thumb/v7e-m+fp/hard\libc_nano.a(libc_a-memchr.o)
                                  0x8 (size before relaxing)
 .ARM.exidx.text.__udivmoddi4
                0x080188c8        0x0 c:/tools/arm-gnu-toolchain-12.2.mpacbti-rel1-mingw-w64-i686-arm-none-eabi/bin/../lib/gcc/arm-none-eabi/12.2.1/thumb/v7e-m+fp/hard\libgcc.a(_udivmoddi4.o)
                                  0x8 (size before relaxing)
                0x080188c8                        __exidx_end = .
                0x080188c8                        . = ALIGN (0x8)

.rel.dyn        0x080188c8        0x0
 .rel.iplt      0x080188c8        0x0 c:/tools/arm-gnu-toolchain-12.2.mpacbti-rel1-mingw-w64-i686-arm-none-eabi/bin/../lib/gcc/arm-none-eabi/12.2.1/thumb/v7e-m+fp/hard/crtbegin.o

.preinit_array  0x080188c8        0x0
                0x080188c8                        . = ALIGN (0x8)
                0x080188c8                        PROVIDE (__preinit_array_start = .)
 *(.preinit_array*)
                0x080188c8                        PROVIDE (__preinit_array_end = .)
                0x080188c8                        . = ALIGN (0x8)

.init_array     0x080188c8        0x8
                0x080188c8                        . = ALIGN (0x8)
                0x080188c8                        PROVIDE (__init_array_start = .)
 *(SORT_BY_NAME(.init_array.*))
 *(.init_array*)
 .init_array    0x080188c8        0x4 c:/tools/arm-gnu-toolchain-12.2.mpacbti-rel1-mingw-w64-i686-arm-none-eabi/bin/../lib/gcc/arm-none-eabi/12.2.1/thumb/v7e-m+fp/hard/crtbegin.o
                0x080188cc                        PROVIDE (__init_array_end = .)
                0x080188d0                        . = ALIGN (0x8)
 *fill*         0x080188cc        0x4 

.fini_array     0x080188d0        0x8
                0x080188d0                        . = ALIGN (0x8)
                [!provide]                        PROVIDE (__fini_array_start = .)
 *(SORT_BY_NAME(.fini_array.*))
 *(.fini_array*)
 .fini_array    0x080188d0        0x4 c:/tools/arm-gnu-toolchain-12.2.mpacbti-rel1-mingw-w64-i686-arm-none-eabi/bin/../lib/gcc/arm-none-eabi/12.2.1/thumb/v7e-m+fp/hard/crtbegin.o
                [!provide]                        PROVIDE (__fini_array_end = .)
                0x080188d8                        . = ALIGN (0x8)
 *fill*         0x080188d4        0x4 
                0x080188d8                        _sidata = LOADADDR (.data)

.data           0x20000000       0x60 load address 0x080188d8
                0x20000000                        . = ALIGN (0x8)
                0x20000000                        _sdata = .
 *(.data)
 *(.data*)
 .data.uwTickFreq
                0x20000000        0x1 build/stm32l4xx_hal.o
                0x20000000                uwTickFreq
 *fill*         0x20000001        0x3 
 .data.uwTickPrio
                0x20000004        0x4 build/stm32l4xx_hal.o
                0x20000004                uwTickPrio
 .data.SystemCoreClock
                0x20000008        0x4 build/system_stm32l4xx.o
                0x20000008                SystemCoreClock
 .data._impure_ptr
                0x2000000c        0x4 c:/tools/arm-gnu-toolchain-12.2.mpacbti-rel1-mingw-w64-i686-arm-none-eabi/bin/../lib/gcc/arm-none-eabi/12.2.1/thumb/v7e-m+fp/hard\libc_nano.a(libc_a-impure.o)
                0x2000000c                _impure_ptr
 .data._impure_data
                0x20000010       0x4c c:/tools/arm-gnu-toolchain-12.2.mpacbti-rel1-mingw-w64-i686-arm-none-eabi/bin/../lib/gcc/arm-none-eabi/12.2.1/thumb/v7e-m+fp/hard\libc_nano.a(libc_a-impure.o)
                0x20000010                _impure_data
                0x20000060                        . = ALIGN (0x8)
 *fill*         0x2000005c        0x4 
                0x20000060                        _edata = .

.tm_clone_table
                0x20000060        0x0 load address 0x08018938
 .tm_clone_table
                0x20000060        0x0 c:/tools/arm-gnu-toolchain-12.2.mpacbti-rel1-mingw-w64-i686-arm-none-eabi/bin/../lib/gcc/arm-none-eabi/12.2.1/thumb/v7e-m+fp/hard/crtbegin.o
 .tm_clone_table
                0x20000060        0x0 c:/tools/arm-gnu-toolchain-12.2.mpacbti-rel1-mingw-w64-i686-arm-none-eabi/bin/../lib/gcc/arm-none-eabi/12.2.1/thumb/v7e-m+fp/hard/crtend.o

.igot.plt       0x20000060        0x0 load address 0x08018938
 .igot.plt      0x20000060        0x0 c:/tools/arm-gnu-toolchain-12.2.mpacbti-rel1-mingw-w64-i686-arm-none-eabi/bin/../lib/gcc/arm-none-eabi/12.2.1/thumb/v7e-m+fp/hard/crtbegin.o
                0x20000060                        . = ALIGN (0x4)

.bss            0x20000060     0x42d8 load address 0x08018938
                0x20000060                        _sbss = .
                0x20000060                        __bss_start__ = _sbss
 *(.bss)
 *(.bss*)
 .bss.completed.1
                0x20000060        0x1 c:/tools/arm-gnu-toolchain-12.2.mpacbti-rel1-mingw-w64-i686-arm-none-eabi/bin/../lib/gcc/arm-none-eabi/12.2.1/thumb/v7e-m+fp/hard/crtbegin.o
 *fill*         0x20000061        0x3 
 .bss.object.0  0x20000064       0x18 c:/tools/arm-gnu-toolchain-12.2.mpacbti-rel1-mingw-w64-i686-arm-none-eabi/bin/../lib/gcc/arm-none-eabi/12.2.1/thumb/v7e-m+fp/hard/crtbegin.o
 .bss.hsai_flag
                0x2000007c        0x1 build/main.o
                0x2000007c                hsai_flag
 *fill*         0x2000007d        0x3 
 .bss.data_i2s  0x20000080     0x4000 build/main.o
                0x20000080                data_i2s
 .bss.buf       0x20004080       0x14 build/main.o
                0x20004080                buf
 .bss.huart2    0x20004094       0x84 build/main.o
                0x20004094                huart2
 .bss.hdma_sai1_a
                0x20004118       0x48 build/main.o
                0x20004118                hdma_sai1_a
 .bss.hsai_BlockA1
                0x20004160       0x84 build/main.o
                0x20004160                hsai_BlockA1
 .bss.SAI1_client
                0x200041e4        0x4 build/stm32l4xx_hal_msp.o
 .bss.uwTick    0x200041e8        0x4 build/stm32l4xx_hal.o
                0x200041e8                uwTick
 .bss.__sf      0x200041ec      0x138 c:/tools/arm-gnu-toolchain-12.2.mpacbti-rel1-mingw-w64-i686-arm-none-eabi/bin/../lib/gcc/arm-none-eabi/12.2.1/thumb/v7e-m+fp/hard\libc_nano.a(libc_a-findfp.o)
                0x200041ec                __sf
 .bss.errno     0x20004324        0x4 c:/tools/arm-gnu-toolchain-12.2.mpacbti-rel1-mingw-w64-i686-arm-none-eabi/bin/../lib/gcc/arm-none-eabi/12.2.1/thumb/v7e-m+fp/hard\libc_nano.a(libc_a-reent.o)
                0x20004324                errno
 .bss.__lock___malloc_recursive_mutex
                0x20004328        0x1 c:/tools/arm-gnu-toolchain-12.2.mpacbti-rel1-mingw-w64-i686-arm-none-eabi/bin/../lib/gcc/arm-none-eabi/12.2.1/thumb/v7e-m+fp/hard\libc_nano.a(libc_a-lock.o)
                0x20004328                __lock___malloc_recursive_mutex
 *fill*         0x20004329        0x3 
 .bss.__malloc_sbrk_start
                0x2000432c        0x4 c:/tools/arm-gnu-toolchain-12.2.mpacbti-rel1-mingw-w64-i686-arm-none-eabi/bin/../lib/gcc/arm-none-eabi/12.2.1/thumb/v7e-m+fp/hard\libc_nano.a(libc_a-mallocr.o)
                0x2000432c                __malloc_sbrk_start
 .bss.__malloc_free_list
                0x20004330        0x4 c:/tools/arm-gnu-toolchain-12.2.mpacbti-rel1-mingw-w64-i686-arm-none-eabi/bin/../lib/gcc/arm-none-eabi/12.2.1/thumb/v7e-m+fp/hard\libc_nano.a(libc_a-mallocr.o)
                0x20004330                __malloc_free_list
 .bss.heap_end.0
                0x20004334        0x4 c:/tools/arm-gnu-toolchain-12.2.mpacbti-rel1-mingw-w64-i686-arm-none-eabi/bin/../lib/gcc/arm-none-eabi/12.2.1/thumb/v7e-m+fp/hard\libnosys.a(sbrk.o)
 *(COMMON)
                0x20004338                        . = ALIGN (0x4)
                0x20004338                        _ebss = .
                0x20004338                        __bss_end__ = _ebss

._user_heap_stack
                0x20004338      0x600 load address 0x08018938
                0x20004338                        . = ALIGN (0x8)
                0x20004338                        PROVIDE (end = .)
                [!provide]                        PROVIDE (_end = .)
                0x20004538                        . = (. + _Min_Heap_Size)
 *fill*         0x20004338      0x200 
                0x20004938                        . = (. + _Min_Stack_Size)
 *fill*         0x20004538      0x400 
                0x20004938                        . = ALIGN (0x8)

/DISCARD/
 libc.a(*)
 libm.a(*)
 libgcc.a(*)

.ARM.attributes
                0x00000000       0x30
 *(.ARM.attributes)
 .ARM.attributes
                0x00000000       0x22 c:/tools/arm-gnu-toolchain-12.2.mpacbti-rel1-mingw-w64-i686-arm-none-eabi/bin/../lib/gcc/arm-none-eabi/12.2.1/thumb/v7e-m+fp/hard/crti.o
 .ARM.attributes
                0x00000022       0x34 c:/tools/arm-gnu-toolchain-12.2.mpacbti-rel1-mingw-w64-i686-arm-none-eabi/bin/../lib/gcc/arm-none-eabi/12.2.1/thumb/v7e-m+fp/hard/crtbegin.o
 .ARM.attributes
                0x00000056       0x34 build/main.o
 .ARM.attributes
                0x0000008a       0x34 build/stm32l4xx_it.o
 .ARM.attributes
                0x000000be       0x34 build/stm32l4xx_hal_msp.o
 .ARM.attributes
                0x000000f2       0x34 build/stm32l4xx_hal_sai.o
 .ARM.attributes
                0x00000126       0x34 build/stm32l4xx_hal.o
 .ARM.attributes
                0x0000015a       0x34 build/stm32l4xx_hal_rcc.o
 .ARM.attributes
                0x0000018e       0x34 build/stm32l4xx_hal_rcc_ex.o
 .ARM.attributes
                0x000001c2       0x34 build/stm32l4xx_hal_gpio.o
 .ARM.attributes
                0x000001f6       0x34 build/stm32l4xx_hal_dma.o
 .ARM.attributes
                0x0000022a       0x34 build/stm32l4xx_hal_pwr_ex.o
 .ARM.attributes
                0x0000025e       0x34 build/stm32l4xx_hal_cortex.o
 .ARM.attributes
                0x00000292       0x34 build/stm32l4xx_hal_uart.o
 .ARM.attributes
                0x000002c6       0x34 build/system_stm32l4xx.o
 .ARM.attributes
                0x000002fa       0x34 build/CommonTables.o
 .ARM.attributes
                0x0000032e       0x34 build/StatisticsFunctions.o
 .ARM.attributes
                0x00000362       0x34 build/TransformFunctions.o
 .ARM.attributes
                0x00000396       0x34 build/ComplexMathFunctions.o
 .ARM.attributes
                0x000003ca       0x21 build/startup_stm32l476xx.o
 .ARM.attributes
                0x000003eb       0x34 c:/tools/arm-gnu-toolchain-12.2.mpacbti-rel1-mingw-w64-i686-arm-none-eabi/bin/../lib/gcc/arm-none-eabi/12.2.1/thumb/v7e-m+fp/hard\libc_nano.a(libc_a-findfp.o)
 .ARM.attributes
                0x0000041f       0x34 c:/tools/arm-gnu-toolchain-12.2.mpacbti-rel1-mingw-w64-i686-arm-none-eabi/bin/../lib/gcc/arm-none-eabi/12.2.1/thumb/v7e-m+fp/hard\libc_nano.a(libc_a-sprintf.o)
 .ARM.attributes
                0x00000453       0x34 c:/tools/arm-gnu-toolchain-12.2.mpacbti-rel1-mingw-w64-i686-arm-none-eabi/bin/../lib/gcc/arm-none-eabi/12.2.1/thumb/v7e-m+fp/hard\libc_nano.a(libc_a-memset.o)
 .ARM.attributes
                0x00000487       0x34 c:/tools/arm-gnu-toolchain-12.2.mpacbti-rel1-mingw-w64-i686-arm-none-eabi/bin/../lib/gcc/arm-none-eabi/12.2.1/thumb/v7e-m+fp/hard\libc_nano.a(libc_a-reent.o)
 .ARM.attributes
                0x000004bb       0x34 c:/tools/arm-gnu-toolchain-12.2.mpacbti-rel1-mingw-w64-i686-arm-none-eabi/bin/../lib/gcc/arm-none-eabi/12.2.1/thumb/v7e-m+fp/hard\libc_nano.a(libc_a-impure.o)
 .ARM.attributes
                0x000004ef       0x34 c:/tools/arm-gnu-toolchain-12.2.mpacbti-rel1-mingw-w64-i686-arm-none-eabi/bin/../lib/gcc/arm-none-eabi/12.2.1/thumb/v7e-m+fp/hard\libc_nano.a(libc_a-init.o)
 .ARM.attributes
                0x00000523       0x34 c:/tools/arm-gnu-toolchain-12.2.mpacbti-rel1-mingw-w64-i686-arm-none-eabi/bin/../lib/gcc/arm-none-eabi/12.2.1/thumb/v7e-m+fp/hard\libc_nano.a(libc_a-lock.o)
 .ARM.attributes
                0x00000557       0x17 c:/tools/arm-gnu-toolchain-12.2.mpacbti-rel1-mingw-w64-i686-arm-none-eabi/bin/../lib/gcc/arm-none-eabi/12.2.1/thumb/v7e-m+fp/hard\libc_nano.a(libc_a-strlen.o)
 .ARM.attributes
                0x0000056e       0x34 c:/tools/arm-gnu-toolchain-12.2.mpacbti-rel1-mingw-w64-i686-arm-none-eabi/bin/../lib/gcc/arm-none-eabi/12.2.1/thumb/v7e-m+fp/hard\libc_nano.a(libc_a-freer.o)
 .ARM.attributes
                0x000005a2       0x34 c:/tools/arm-gnu-toolchain-12.2.mpacbti-rel1-mingw-w64-i686-arm-none-eabi/bin/../lib/gcc/arm-none-eabi/12.2.1/thumb/v7e-m+fp/hard\libc_nano.a(libc_a-mallocr.o)
 .ARM.attributes
                0x000005d6       0x34 c:/tools/arm-gnu-toolchain-12.2.mpacbti-rel1-mingw-w64-i686-arm-none-eabi/bin/../lib/gcc/arm-none-eabi/12.2.1/thumb/v7e-m+fp/hard\libc_nano.a(libc_a-mlock.o)
 .ARM.attributes
                0x0000060a       0x34 c:/tools/arm-gnu-toolchain-12.2.mpacbti-rel1-mingw-w64-i686-arm-none-eabi/bin/../lib/gcc/arm-none-eabi/12.2.1/thumb/v7e-m+fp/hard\libc_nano.a(libc_a-nano-svfprintf.o)
 .ARM.attributes
                0x0000063e       0x34 c:/tools/arm-gnu-toolchain-12.2.mpacbti-rel1-mingw-w64-i686-arm-none-eabi/bin/../lib/gcc/arm-none-eabi/12.2.1/thumb/v7e-m+fp/hard\libc_nano.a(libc_a-nano-vfprintf_i.o)
 .ARM.attributes
                0x00000672       0x34 c:/tools/arm-gnu-toolchain-12.2.mpacbti-rel1-mingw-w64-i686-arm-none-eabi/bin/../lib/gcc/arm-none-eabi/12.2.1/thumb/v7e-m+fp/hard\libc_nano.a(libc_a-memmove.o)
 .ARM.attributes
                0x000006a6       0x34 c:/tools/arm-gnu-toolchain-12.2.mpacbti-rel1-mingw-w64-i686-arm-none-eabi/bin/../lib/gcc/arm-none-eabi/12.2.1/thumb/v7e-m+fp/hard\libc_nano.a(libc_a-sbrkr.o)
 .ARM.attributes
                0x000006da       0x1c c:/tools/arm-gnu-toolchain-12.2.mpacbti-rel1-mingw-w64-i686-arm-none-eabi/bin/../lib/gcc/arm-none-eabi/12.2.1/thumb/v7e-m+fp/hard\libc_nano.a(libc_a-memchr.o)
 .ARM.attributes
                0x000006f6       0x34 c:/tools/arm-gnu-toolchain-12.2.mpacbti-rel1-mingw-w64-i686-arm-none-eabi/bin/../lib/gcc/arm-none-eabi/12.2.1/thumb/v7e-m+fp/hard\libc_nano.a(libc_a-memcpy-stub.o)
 .ARM.attributes
                0x0000072a       0x34 c:/tools/arm-gnu-toolchain-12.2.mpacbti-rel1-mingw-w64-i686-arm-none-eabi/bin/../lib/gcc/arm-none-eabi/12.2.1/thumb/v7e-m+fp/hard\libc_nano.a(libc_a-reallocr.o)
 .ARM.attributes
                0x0000075e       0x34 c:/tools/arm-gnu-toolchain-12.2.mpacbti-rel1-mingw-w64-i686-arm-none-eabi/bin/../lib/gcc/arm-none-eabi/12.2.1/thumb/v7e-m+fp/hard\libc_nano.a(libc_a-msizer.o)
 .ARM.attributes
                0x00000792       0x34 c:/tools/arm-gnu-toolchain-12.2.mpacbti-rel1-mingw-w64-i686-arm-none-eabi/bin/../lib/gcc/arm-none-eabi/12.2.1/thumb/v7e-m+fp/hard\libm.a(libm_a-wf_sqrt.o)
 .ARM.attributes
                0x000007c6       0x34 c:/tools/arm-gnu-toolchain-12.2.mpacbti-rel1-mingw-w64-i686-arm-none-eabi/bin/../lib/gcc/arm-none-eabi/12.2.1/thumb/v7e-m+fp/hard\libm.a(libm_a-ef_sqrt.o)
 .ARM.attributes
                0x000007fa       0x34 c:/tools/arm-gnu-toolchain-12.2.mpacbti-rel1-mingw-w64-i686-arm-none-eabi/bin/../lib/gcc/arm-none-eabi/12.2.1/thumb/v7e-m+fp/hard\libnosys.a(sbrk.o)
 .ARM.attributes
                0x0000082e       0x22 c:/tools/arm-gnu-toolchain-12.2.mpacbti-rel1-mingw-w64-i686-arm-none-eabi/bin/../lib/gcc/arm-none-eabi/12.2.1/thumb/v7e-m+fp/hard\libgcc.a(_arm_muldf3.o)
 .ARM.attributes
                0x00000850       0x22 c:/tools/arm-gnu-toolchain-12.2.mpacbti-rel1-mingw-w64-i686-arm-none-eabi/bin/../lib/gcc/arm-none-eabi/12.2.1/thumb/v7e-m+fp/hard\libgcc.a(_arm_addsubdf3.o)
 .ARM.attributes
                0x00000872       0x22 c:/tools/arm-gnu-toolchain-12.2.mpacbti-rel1-mingw-w64-i686-arm-none-eabi/bin/../lib/gcc/arm-none-eabi/12.2.1/thumb/v7e-m+fp/hard\libgcc.a(_arm_truncdfsf2.o)
 .ARM.attributes
                0x00000894       0x22 c:/tools/arm-gnu-toolchain-12.2.mpacbti-rel1-mingw-w64-i686-arm-none-eabi/bin/../lib/gcc/arm-none-eabi/12.2.1/thumb/v7e-m+fp/hard\libgcc.a(_aeabi_uldivmod.o)
 .ARM.attributes
                0x000008b6       0x34 c:/tools/arm-gnu-toolchain-12.2.mpacbti-rel1-mingw-w64-i686-arm-none-eabi/bin/../lib/gcc/arm-none-eabi/12.2.1/thumb/v7e-m+fp/hard\libgcc.a(_udivmoddi4.o)
 .ARM.attributes
                0x000008ea       0x22 c:/tools/arm-gnu-toolchain-12.2.mpacbti-rel1-mingw-w64-i686-arm-none-eabi/bin/../lib/gcc/arm-none-eabi/12.2.1/thumb/v7e-m+fp/hard\libgcc.a(_dvmd_tls.o)
 .ARM.attributes
                0x0000090c       0x34 c:/tools/arm-gnu-toolchain-12.2.mpacbti-rel1-mingw-w64-i686-arm-none-eabi/bin/../lib/gcc/arm-none-eabi/12.2.1/thumb/v7e-m+fp/hard\libc_nano.a(libc_a-errno.o)
 .ARM.attributes
                0x00000940       0x34 c:/tools/arm-gnu-toolchain-12.2.mpacbti-rel1-mingw-w64-i686-arm-none-eabi/bin/../lib/gcc/arm-none-eabi/12.2.1/thumb/v7e-m+fp/hard/crtend.o
 .ARM.attributes
                0x00000974       0x22 c:/tools/arm-gnu-toolchain-12.2.mpacbti-rel1-mingw-w64-i686-arm-none-eabi/bin/../lib/gcc/arm-none-eabi/12.2.1/thumb/v7e-m+fp/hard/crtn.o
OUTPUT(build/Guitar_tuner_I2S.elf elf32-littlearm)
LOAD linker stubs
LOAD c:/tools/arm-gnu-toolchain-12.2.mpacbti-rel1-mingw-w64-i686-arm-none-eabi/bin/../lib/gcc/arm-none-eabi/12.2.1/thumb/v7e-m+fp/hard\libc.a
LOAD c:/tools/arm-gnu-toolchain-12.2.mpacbti-rel1-mingw-w64-i686-arm-none-eabi/bin/../lib/gcc/arm-none-eabi/12.2.1/thumb/v7e-m+fp/hard\libm.a
LOAD c:/tools/arm-gnu-toolchain-12.2.mpacbti-rel1-mingw-w64-i686-arm-none-eabi/bin/../lib/gcc/arm-none-eabi/12.2.1/thumb/v7e-m+fp/hard\libgcc.a

.debug_info     0x00000000    0x1fd71
 .debug_info    0x00000000     0x1db7 build/main.o
 .debug_info    0x00001db7      0x435 build/stm32l4xx_it.o
 .debug_info    0x000021ec     0x14c9 build/stm32l4xx_hal_msp.o
 .debug_info    0x000036b5     0x1a64 build/stm32l4xx_hal_sai.o
 .debug_info    0x00005119      0xe51 build/stm32l4xx_hal.o
 .debug_info    0x00005f6a     0x10ad build/stm32l4xx_hal_rcc.o
 .debug_info    0x00007017     0x13ed build/stm32l4xx_hal_rcc_ex.o
 .debug_info    0x00008404      0x91b build/stm32l4xx_hal_gpio.o
 .debug_info    0x00008d1f      0x8e7 build/stm32l4xx_hal_dma.o
 .debug_info    0x00009606      0xbc9 build/stm32l4xx_hal_pwr_ex.o
 .debug_info    0x0000a1cf     0x115a build/stm32l4xx_hal_cortex.o
 .debug_info    0x0000b329     0x5423 build/stm32l4xx_hal_uart.o
 .debug_info    0x0001074c      0x671 build/system_stm32l4xx.o
 .debug_info    0x00010dbd     0x1894 build/CommonTables.o
 .debug_info    0x00012651     0x14ff build/StatisticsFunctions.o
 .debug_info    0x00013b50     0xb066 build/TransformFunctions.o
 .debug_info    0x0001ebb6     0x118b build/ComplexMathFunctions.o
 .debug_info    0x0001fd41       0x30 build/startup_stm32l476xx.o

.debug_abbrev   0x00000000     0x29b4
 .debug_abbrev  0x00000000      0x370 build/main.o
 .debug_abbrev  0x00000370      0x16b build/stm32l4xx_it.o
 .debug_abbrev  0x000004db      0x208 build/stm32l4xx_hal_msp.o
 .debug_abbrev  0x000006e3      0x2c0 build/stm32l4xx_hal_sai.o
 .debug_abbrev  0x000009a3      0x284 build/stm32l4xx_hal.o
 .debug_abbrev  0x00000c27      0x2de build/stm32l4xx_hal_rcc.o
 .debug_abbrev  0x00000f05      0x2de build/stm32l4xx_hal_rcc_ex.o
 .debug_abbrev  0x000011e3      0x222 build/stm32l4xx_hal_gpio.o
 .debug_abbrev  0x00001405      0x23a build/stm32l4xx_hal_dma.o
 .debug_abbrev  0x0000163f      0x233 build/stm32l4xx_hal_pwr_ex.o
 .debug_abbrev  0x00001872      0x3d3 build/stm32l4xx_hal_cortex.o
 .debug_abbrev  0x00001c45      0x32f build/stm32l4xx_hal_uart.o
 .debug_abbrev  0x00001f74      0x11b build/system_stm32l4xx.o
 .debug_abbrev  0x0000208f      0x106 build/CommonTables.o
 .debug_abbrev  0x00002195      0x226 build/StatisticsFunctions.o
 .debug_abbrev  0x000023bb      0x3bf build/TransformFunctions.o
 .debug_abbrev  0x0000277a      0x21d build/ComplexMathFunctions.o
 .debug_abbrev  0x00002997       0x1d build/startup_stm32l476xx.o

.debug_loc      0x00000000    0x208aa
 .debug_loc     0x00000000      0x294 build/main.o
 .debug_loc     0x00000294       0x40 build/stm32l4xx_it.o
 .debug_loc     0x000002d4      0x1b0 build/stm32l4xx_hal_msp.o
 .debug_loc     0x00000484     0x1a58 build/stm32l4xx_hal_sai.o
 .debug_loc     0x00001edc      0x2af build/stm32l4xx_hal.o
 .debug_loc     0x0000218b      0x9ac build/stm32l4xx_hal_rcc.o
 .debug_loc     0x00002b37     0x1ca4 build/stm32l4xx_hal_rcc_ex.o
 .debug_loc     0x000047db      0x489 build/stm32l4xx_hal_gpio.o
 .debug_loc     0x00004c64      0x94e build/stm32l4xx_hal_dma.o
 .debug_loc     0x000055b2      0x8e8 build/stm32l4xx_hal_pwr_ex.o
 .debug_loc     0x00005e9a      0x7c7 build/stm32l4xx_hal_cortex.o
 .debug_loc     0x00006661     0x52d3 build/stm32l4xx_hal_uart.o
 .debug_loc     0x0000b934      0x127 build/system_stm32l4xx.o
 .debug_loc     0x0000ba5b     0x1f15 build/StatisticsFunctions.o
 .debug_loc     0x0000d970    0x11387 build/TransformFunctions.o
 .debug_loc     0x0001ecf7     0x1bb3 build/ComplexMathFunctions.o

.debug_aranges  0x00000000      0xe70
 .debug_aranges
                0x00000000       0x60 build/main.o
 .debug_aranges
                0x00000060       0x68 build/stm32l4xx_it.o
 .debug_aranges
                0x000000c8       0x40 build/stm32l4xx_hal_msp.o
 .debug_aranges
                0x00000108      0x178 build/stm32l4xx_hal_sai.o
 .debug_aranges
                0x00000280      0x130 build/stm32l4xx_hal.o
 .debug_aranges
                0x000003b0       0x90 build/stm32l4xx_hal_rcc.o
 .debug_aranges
                0x00000440       0xc0 build/stm32l4xx_hal_rcc_ex.o
 .debug_aranges
                0x00000500       0x58 build/stm32l4xx_hal_gpio.o
 .debug_aranges
                0x00000558       0x80 build/stm32l4xx_hal_dma.o
 .debug_aranges
                0x000005d8      0x160 build/stm32l4xx_hal_pwr_ex.o
 .debug_aranges
                0x00000738       0xe0 build/stm32l4xx_hal_cortex.o
 .debug_aranges
                0x00000818      0x228 build/stm32l4xx_hal_uart.o
 .debug_aranges
                0x00000a40       0x28 build/system_stm32l4xx.o
 .debug_aranges
                0x00000a68       0x18 build/CommonTables.o
 .debug_aranges
                0x00000a80       0xe0 build/StatisticsFunctions.o
 .debug_aranges
                0x00000b60      0x240 build/TransformFunctions.o
 .debug_aranges
                0x00000da0       0xa8 build/ComplexMathFunctions.o
 .debug_aranges
                0x00000e48       0x28 build/startup_stm32l476xx.o

.debug_ranges   0x00000000      0xe58
 .debug_ranges  0x00000000       0x68 build/main.o
 .debug_ranges  0x00000068       0x58 build/stm32l4xx_it.o
 .debug_ranges  0x000000c0       0x30 build/stm32l4xx_hal_msp.o
 .debug_ranges  0x000000f0      0x198 build/stm32l4xx_hal_sai.o
 .debug_ranges  0x00000288      0x120 build/stm32l4xx_hal.o
 .debug_ranges  0x000003a8       0x98 build/stm32l4xx_hal_rcc.o
 .debug_ranges  0x00000440       0xc8 build/stm32l4xx_hal_rcc_ex.o
 .debug_ranges  0x00000508       0x48 build/stm32l4xx_hal_gpio.o
 .debug_ranges  0x00000550       0x70 build/stm32l4xx_hal_dma.o
 .debug_ranges  0x000005c0      0x150 build/stm32l4xx_hal_pwr_ex.o
 .debug_ranges  0x00000710       0xd0 build/stm32l4xx_hal_cortex.o
 .debug_ranges  0x000007e0      0x230 build/stm32l4xx_hal_uart.o
 .debug_ranges  0x00000a10       0x18 build/system_stm32l4xx.o
 .debug_ranges  0x00000a28      0x100 build/StatisticsFunctions.o
 .debug_ranges  0x00000b28      0x230 build/TransformFunctions.o
 .debug_ranges  0x00000d58       0xe0 build/ComplexMathFunctions.o
 .debug_ranges  0x00000e38       0x20 build/startup_stm32l476xx.o

.debug_line     0x00000000    0x1b392
 .debug_line    0x00000000      0x77a build/main.o
 .debug_line    0x0000077a      0x2e6 build/stm32l4xx_it.o
 .debug_line    0x00000a60      0x55f build/stm32l4xx_hal_msp.o
 .debug_line    0x00000fbf     0x1f82 build/stm32l4xx_hal_sai.o
 .debug_line    0x00002f41      0x6c7 build/stm32l4xx_hal.o
 .debug_line    0x00003608      0xf1d build/stm32l4xx_hal_rcc.o
 .debug_line    0x00004525     0x1545 build/stm32l4xx_hal_rcc_ex.o
 .debug_line    0x00005a6a      0x70f build/stm32l4xx_hal_gpio.o
 .debug_line    0x00006179      0xa4b build/stm32l4xx_hal_dma.o
 .debug_line    0x00006bc4      0xabe build/stm32l4xx_hal_pwr_ex.o
 .debug_line    0x00007682      0x840 build/stm32l4xx_hal_cortex.o
 .debug_line    0x00007ec2     0x528b build/stm32l4xx_hal_uart.o
 .debug_line    0x0000d14d      0x2c3 build/system_stm32l4xx.o
 .debug_line    0x0000d410      0x1c6 build/CommonTables.o
 .debug_line    0x0000d5d6      0xff8 build/StatisticsFunctions.o
 .debug_line    0x0000e5ce     0xc052 build/TransformFunctions.o
 .debug_line    0x0001a620      0xcfc build/ComplexMathFunctions.o
 .debug_line    0x0001b31c       0x76 build/startup_stm32l476xx.o

.debug_str      0x00000000     0x5681
 .debug_str     0x00000000     0x135d build/main.o
                               0x1472 (size before relaxing)
 .debug_str     0x0000135d       0xe0 build/stm32l4xx_it.o
                                0x451 (size before relaxing)
 .debug_str     0x0000143d      0x34b build/stm32l4xx_hal_msp.o
                                0xd93 (size before relaxing)
 .debug_str     0x00001788      0x438 build/stm32l4xx_hal_sai.o
                                0xb09 (size before relaxing)
 .debug_str     0x00001bc0      0x4e2 build/stm32l4xx_hal.o
                                0xd5b (size before relaxing)
 .debug_str     0x000020a2      0x2b0 build/stm32l4xx_hal_rcc.o
                                0x893 (size before relaxing)
 .debug_str     0x00002352      0x316 build/stm32l4xx_hal_rcc_ex.o
                                0xab2 (size before relaxing)
 .debug_str     0x00002668       0xc7 build/stm32l4xx_hal_gpio.o
                                0x537 (size before relaxing)
 .debug_str     0x0000272f      0x205 build/stm32l4xx_hal_dma.o
                                0x63a (size before relaxing)
 .debug_str     0x00002934      0x537 build/stm32l4xx_hal_pwr_ex.o
                                0x846 (size before relaxing)
 .debug_str     0x00002e6b      0x42e build/stm32l4xx_hal_cortex.o
                                0xc17 (size before relaxing)
 .debug_str     0x00003299      0x7a0 build/stm32l4xx_hal_uart.o
                                0xfe3 (size before relaxing)
 .debug_str     0x00003a39       0x3d build/system_stm32l4xx.o
                                0x3d0 (size before relaxing)
 .debug_str     0x00003a76      0xc8c build/CommonTables.o
                                0xef0 (size before relaxing)
 .debug_str     0x00004702      0x275 build/StatisticsFunctions.o
                                0x526 (size before relaxing)
 .debug_str     0x00004977      0xae4 build/TransformFunctions.o
                               0x14a8 (size before relaxing)
 .debug_str     0x0000545b      0x1f4 build/ComplexMathFunctions.o
                                0x546 (size before relaxing)
 .debug_str     0x0000564f       0x32 build/startup_stm32l476xx.o
                                 0x79 (size before relaxing)

.comment        0x00000000       0x55
 .comment       0x00000000       0x55 build/main.o
                                 0x56 (size before relaxing)
 .comment       0x00000055       0x56 build/stm32l4xx_it.o
 .comment       0x00000055       0x56 build/stm32l4xx_hal_msp.o
 .comment       0x00000055       0x56 build/stm32l4xx_hal_sai.o
 .comment       0x00000055       0x56 build/stm32l4xx_hal.o
 .comment       0x00000055       0x56 build/stm32l4xx_hal_rcc.o
 .comment       0x00000055       0x56 build/stm32l4xx_hal_rcc_ex.o
 .comment       0x00000055       0x56 build/stm32l4xx_hal_gpio.o
 .comment       0x00000055       0x56 build/stm32l4xx_hal_dma.o
 .comment       0x00000055       0x56 build/stm32l4xx_hal_pwr_ex.o
 .comment       0x00000055       0x56 build/stm32l4xx_hal_cortex.o
 .comment       0x00000055       0x56 build/stm32l4xx_hal_uart.o
 .comment       0x00000055       0x56 build/system_stm32l4xx.o
 .comment       0x00000055       0x56 build/CommonTables.o
 .comment       0x00000055       0x56 build/StatisticsFunctions.o
 .comment       0x00000055       0x56 build/TransformFunctions.o
 .comment       0x00000055       0x56 build/ComplexMathFunctions.o

.debug_frame    0x00000000     0x2f8c
 .debug_frame   0x00000000      0x104 build/main.o
 .debug_frame   0x00000104       0xc0 build/stm32l4xx_it.o
 .debug_frame   0x000001c4       0xa4 build/stm32l4xx_hal_msp.o
 .debug_frame   0x00000268      0x420 build/stm32l4xx_hal_sai.o
 .debug_frame   0x00000688      0x274 build/stm32l4xx_hal.o
 .debug_frame   0x000008fc      0x19c build/stm32l4xx_hal_rcc.o
 .debug_frame   0x00000a98      0x204 build/stm32l4xx_hal_rcc_ex.o
 .debug_frame   0x00000c9c       0xd0 build/stm32l4xx_hal_gpio.o
 .debug_frame   0x00000d6c      0x150 build/stm32l4xx_hal_dma.o
 .debug_frame   0x00000ebc      0x2b8 build/stm32l4xx_hal_pwr_ex.o
 .debug_frame   0x00001174      0x1e4 build/stm32l4xx_hal_cortex.o
 .debug_frame   0x00001358      0x600 build/stm32l4xx_hal_uart.o
 .debug_frame   0x00001958       0x30 build/system_stm32l4xx.o
 .debug_frame   0x00001988      0x304 build/StatisticsFunctions.o
 .debug_frame   0x00001c8c      0x964 build/TransformFunctions.o
 .debug_frame   0x000025f0      0x234 build/ComplexMathFunctions.o
 .debug_frame   0x00002824      0x144 c:/tools/arm-gnu-toolchain-12.2.mpacbti-rel1-mingw-w64-i686-arm-none-eabi/bin/../lib/gcc/arm-none-eabi/12.2.1/thumb/v7e-m+fp/hard\libc_nano.a(libc_a-findfp.o)
 .debug_frame   0x00002968       0x6c c:/tools/arm-gnu-toolchain-12.2.mpacbti-rel1-mingw-w64-i686-arm-none-eabi/bin/../lib/gcc/arm-none-eabi/12.2.1/thumb/v7e-m+fp/hard\libc_nano.a(libc_a-sprintf.o)
 .debug_frame   0x000029d4       0x20 c:/tools/arm-gnu-toolchain-12.2.mpacbti-rel1-mingw-w64-i686-arm-none-eabi/bin/../lib/gcc/arm-none-eabi/12.2.1/thumb/v7e-m+fp/hard\libc_nano.a(libc_a-memset.o)
 .debug_frame   0x000029f4       0x38 c:/tools/arm-gnu-toolchain-12.2.mpacbti-rel1-mingw-w64-i686-arm-none-eabi/bin/../lib/gcc/arm-none-eabi/12.2.1/thumb/v7e-m+fp/hard\libc_nano.a(libc_a-reent.o)
 .debug_frame   0x00002a2c       0x2c c:/tools/arm-gnu-toolchain-12.2.mpacbti-rel1-mingw-w64-i686-arm-none-eabi/bin/../lib/gcc/arm-none-eabi/12.2.1/thumb/v7e-m+fp/hard\libc_nano.a(libc_a-init.o)
 .debug_frame   0x00002a58       0xb0 c:/tools/arm-gnu-toolchain-12.2.mpacbti-rel1-mingw-w64-i686-arm-none-eabi/bin/../lib/gcc/arm-none-eabi/12.2.1/thumb/v7e-m+fp/hard\libc_nano.a(libc_a-lock.o)
 .debug_frame   0x00002b08       0x38 c:/tools/arm-gnu-toolchain-12.2.mpacbti-rel1-mingw-w64-i686-arm-none-eabi/bin/../lib/gcc/arm-none-eabi/12.2.1/thumb/v7e-m+fp/hard\libc_nano.a(libc_a-freer.o)
 .debug_frame   0x00002b40       0x50 c:/tools/arm-gnu-toolchain-12.2.mpacbti-rel1-mingw-w64-i686-arm-none-eabi/bin/../lib/gcc/arm-none-eabi/12.2.1/thumb/v7e-m+fp/hard\libc_nano.a(libc_a-mallocr.o)
 .debug_frame   0x00002b90       0x30 c:/tools/arm-gnu-toolchain-12.2.mpacbti-rel1-mingw-w64-i686-arm-none-eabi/bin/../lib/gcc/arm-none-eabi/12.2.1/thumb/v7e-m+fp/hard\libc_nano.a(libc_a-mlock.o)
 .debug_frame   0x00002bc0       0x90 c:/tools/arm-gnu-toolchain-12.2.mpacbti-rel1-mingw-w64-i686-arm-none-eabi/bin/../lib/gcc/arm-none-eabi/12.2.1/thumb/v7e-m+fp/hard\libc_nano.a(libc_a-nano-svfprintf.o)
 .debug_frame   0x00002c50       0x60 c:/tools/arm-gnu-toolchain-12.2.mpacbti-rel1-mingw-w64-i686-arm-none-eabi/bin/../lib/gcc/arm-none-eabi/12.2.1/thumb/v7e-m+fp/hard\libc_nano.a(libc_a-nano-vfprintf_i.o)
 .debug_frame   0x00002cb0       0x28 c:/tools/arm-gnu-toolchain-12.2.mpacbti-rel1-mingw-w64-i686-arm-none-eabi/bin/../lib/gcc/arm-none-eabi/12.2.1/thumb/v7e-m+fp/hard\libc_nano.a(libc_a-memmove.o)
 .debug_frame   0x00002cd8       0x2c c:/tools/arm-gnu-toolchain-12.2.mpacbti-rel1-mingw-w64-i686-arm-none-eabi/bin/../lib/gcc/arm-none-eabi/12.2.1/thumb/v7e-m+fp/hard\libc_nano.a(libc_a-sbrkr.o)
 .debug_frame   0x00002d04       0x28 c:/tools/arm-gnu-toolchain-12.2.mpacbti-rel1-mingw-w64-i686-arm-none-eabi/bin/../lib/gcc/arm-none-eabi/12.2.1/thumb/v7e-m+fp/hard\libc_nano.a(libc_a-memcpy-stub.o)
 .debug_frame   0x00002d2c       0x3c c:/tools/arm-gnu-toolchain-12.2.mpacbti-rel1-mingw-w64-i686-arm-none-eabi/bin/../lib/gcc/arm-none-eabi/12.2.1/thumb/v7e-m+fp/hard\libc_nano.a(libc_a-reallocr.o)
 .debug_frame   0x00002d68       0x20 c:/tools/arm-gnu-toolchain-12.2.mpacbti-rel1-mingw-w64-i686-arm-none-eabi/bin/../lib/gcc/arm-none-eabi/12.2.1/thumb/v7e-m+fp/hard\libc_nano.a(libc_a-msizer.o)
 .debug_frame   0x00002d88       0x44 c:/tools/arm-gnu-toolchain-12.2.mpacbti-rel1-mingw-w64-i686-arm-none-eabi/bin/../lib/gcc/arm-none-eabi/12.2.1/thumb/v7e-m+fp/hard\libm.a(libm_a-wf_sqrt.o)
 .debug_frame   0x00002dcc       0x20 c:/tools/arm-gnu-toolchain-12.2.mpacbti-rel1-mingw-w64-i686-arm-none-eabi/bin/../lib/gcc/arm-none-eabi/12.2.1/thumb/v7e-m+fp/hard\libm.a(libm_a-ef_sqrt.o)
 .debug_frame   0x00002dec       0x20 c:/tools/arm-gnu-toolchain-12.2.mpacbti-rel1-mingw-w64-i686-arm-none-eabi/bin/../lib/gcc/arm-none-eabi/12.2.1/thumb/v7e-m+fp/hard\libnosys.a(sbrk.o)
 .debug_frame   0x00002e0c       0x30 c:/tools/arm-gnu-toolchain-12.2.mpacbti-rel1-mingw-w64-i686-arm-none-eabi/bin/../lib/gcc/arm-none-eabi/12.2.1/thumb/v7e-m+fp/hard\libgcc.a(_arm_muldf3.o)
 .debug_frame   0x00002e3c       0xac c:/tools/arm-gnu-toolchain-12.2.mpacbti-rel1-mingw-w64-i686-arm-none-eabi/bin/../lib/gcc/arm-none-eabi/12.2.1/thumb/v7e-m+fp/hard\libgcc.a(_arm_addsubdf3.o)
 .debug_frame   0x00002ee8       0x24 c:/tools/arm-gnu-toolchain-12.2.mpacbti-rel1-mingw-w64-i686-arm-none-eabi/bin/../lib/gcc/arm-none-eabi/12.2.1/thumb/v7e-m+fp/hard\libgcc.a(_arm_truncdfsf2.o)
 .debug_frame   0x00002f0c       0x2c c:/tools/arm-gnu-toolchain-12.2.mpacbti-rel1-mingw-w64-i686-arm-none-eabi/bin/../lib/gcc/arm-none-eabi/12.2.1/thumb/v7e-m+fp/hard\libgcc.a(_aeabi_uldivmod.o)
 .debug_frame   0x00002f38       0x34 c:/tools/arm-gnu-toolchain-12.2.mpacbti-rel1-mingw-w64-i686-arm-none-eabi/bin/../lib/gcc/arm-none-eabi/12.2.1/thumb/v7e-m+fp/hard\libgcc.a(_udivmoddi4.o)
 .debug_frame   0x00002f6c       0x20 c:/tools/arm-gnu-toolchain-12.2.mpacbti-rel1-mingw-w64-i686-arm-none-eabi/bin/../lib/gcc/arm-none-eabi/12.2.1/thumb/v7e-m+fp/hard\libc_nano.a(libc_a-errno.o)

.debug_line_str
                0x00000000      0x1f6
 .debug_line_str
                0x00000000       0xfb c:/tools/arm-gnu-toolchain-12.2.mpacbti-rel1-mingw-w64-i686-arm-none-eabi/bin/../lib/gcc/arm-none-eabi/12.2.1/thumb/v7e-m+fp/hard\libc_nano.a(libc_a-strlen.o)
 .debug_line_str
                0x000000fb        0x9 c:/tools/arm-gnu-toolchain-12.2.mpacbti-rel1-mingw-w64-i686-arm-none-eabi/bin/../lib/gcc/arm-none-eabi/12.2.1/thumb/v7e-m+fp/hard\libc_nano.a(libc_a-memchr.o)
                                 0xf1 (size before relaxing)
 .debug_line_str
                0x00000104       0xde c:/tools/arm-gnu-toolchain-12.2.mpacbti-rel1-mingw-w64-i686-arm-none-eabi/bin/../lib/gcc/arm-none-eabi/12.2.1/thumb/v7e-m+fp/hard\libgcc.a(_arm_muldf3.o)
 .debug_line_str
                0x000001e2       0xde c:/tools/arm-gnu-toolchain-12.2.mpacbti-rel1-mingw-w64-i686-arm-none-eabi/bin/../lib/gcc/arm-none-eabi/12.2.1/thumb/v7e-m+fp/hard\libgcc.a(_arm_addsubdf3.o)
 .debug_line_str
                0x000001e2       0xde c:/tools/arm-gnu-toolchain-12.2.mpacbti-rel1-mingw-w64-i686-arm-none-eabi/bin/../lib/gcc/arm-none-eabi/12.2.1/thumb/v7e-m+fp/hard\libgcc.a(_arm_truncdfsf2.o)
 .debug_line_str
                0x000001e2        0x8 c:/tools/arm-gnu-toolchain-12.2.mpacbti-rel1-mingw-w64-i686-arm-none-eabi/bin/../lib/gcc/arm-none-eabi/12.2.1/thumb/v7e-m+fp/hard\libgcc.a(_aeabi_uldivmod.o)
                                 0xd9 (size before relaxing)
 .debug_line_str
                0x000001ea        0xc c:/tools/arm-gnu-toolchain-12.2.mpacbti-rel1-mingw-w64-i686-arm-none-eabi/bin/../lib/gcc/arm-none-eabi/12.2.1/thumb/v7e-m+fp/hard\libgcc.a(_dvmd_tls.o)
                                 0xdd (size before relaxing)

Cross Reference Table

Symbol                                            File
ADC1_2_IRQHandler                                 build/startup_stm32l476xx.o
ADC3_IRQHandler                                   build/startup_stm32l476xx.o
AHBPrescTable                                     build/system_stm32l4xx.o
                                                  build/stm32l4xx_hal_rcc.o
APBPrescTable                                     build/system_stm32l4xx.o
                                                  build/stm32l4xx_hal_rcc.o
BusFault_Handler                                  build/stm32l4xx_it.o
CAN1_RX0_IRQHandler                               build/startup_stm32l476xx.o
CAN1_RX1_IRQHandler                               build/startup_stm32l476xx.o
CAN1_SCE_IRQHandler                               build/startup_stm32l476xx.o
CAN1_TX_IRQHandler                                build/startup_stm32l476xx.o
COMP_IRQHandler                                   build/startup_stm32l476xx.o
DFSDM1_FLT0_IRQHandler                            build/startup_stm32l476xx.o
DFSDM1_FLT1_IRQHandler                            build/startup_stm32l476xx.o
DFSDM1_FLT2_IRQHandler                            build/startup_stm32l476xx.o
DFSDM1_FLT3_IRQHandler                            build/startup_stm32l476xx.o
DMA1_Channel1_IRQHandler                          build/startup_stm32l476xx.o
DMA1_Channel2_IRQHandler                          build/startup_stm32l476xx.o
DMA1_Channel3_IRQHandler                          build/startup_stm32l476xx.o
DMA1_Channel4_IRQHandler                          build/startup_stm32l476xx.o
DMA1_Channel5_IRQHandler                          build/startup_stm32l476xx.o
DMA1_Channel6_IRQHandler                          build/startup_stm32l476xx.o
DMA1_Channel7_IRQHandler                          build/startup_stm32l476xx.o
DMA2_Channel1_IRQHandler                          build/stm32l4xx_it.o
DMA2_Channel2_IRQHandler                          build/startup_stm32l476xx.o
DMA2_Channel3_IRQHandler                          build/startup_stm32l476xx.o
DMA2_Channel4_IRQHandler                          build/startup_stm32l476xx.o
DMA2_Channel5_IRQHandler                          build/startup_stm32l476xx.o
DMA2_Channel6_IRQHandler                          build/startup_stm32l476xx.o
DMA2_Channel7_IRQHandler                          build/startup_stm32l476xx.o
DebugMon_Handler                                  build/stm32l4xx_it.o
Default_Handler                                   build/startup_stm32l476xx.o
EXTI0_IRQHandler                                  build/startup_stm32l476xx.o
EXTI15_10_IRQHandler                              build/startup_stm32l476xx.o
EXTI1_IRQHandler                                  build/startup_stm32l476xx.o
EXTI2_IRQHandler                                  build/startup_stm32l476xx.o
EXTI3_IRQHandler                                  build/startup_stm32l476xx.o
EXTI4_IRQHandler                                  build/startup_stm32l476xx.o
EXTI9_5_IRQHandler                                build/startup_stm32l476xx.o
Error_Handler                                     build/main.o
                                                  build/stm32l4xx_hal_msp.o
FLASH_FlushCaches                                 build/stm32l4xx_hal_flash_ex.o
                                                  build/stm32l4xx_hal_flash.o
FLASH_IRQHandler                                  build/startup_stm32l476xx.o
FLASH_PageErase                                   build/stm32l4xx_hal_flash_ex.o
                                                  build/stm32l4xx_hal_flash.o
FLASH_WaitForLastOperation                        build/stm32l4xx_hal_flash.o
                                                  build/stm32l4xx_hal_flash_ex.o
FMC_IRQHandler                                    build/startup_stm32l476xx.o
FPU_IRQHandler                                    build/startup_stm32l476xx.o
HAL_DBGMCU_DisableDBGSleepMode                    build/stm32l4xx_hal.o
HAL_DBGMCU_DisableDBGStandbyMode                  build/stm32l4xx_hal.o
HAL_DBGMCU_DisableDBGStopMode                     build/stm32l4xx_hal.o
HAL_DBGMCU_EnableDBGSleepMode                     build/stm32l4xx_hal.o
HAL_DBGMCU_EnableDBGStandbyMode                   build/stm32l4xx_hal.o
HAL_DBGMCU_EnableDBGStopMode                      build/stm32l4xx_hal.o
HAL_DMA_Abort                                     build/stm32l4xx_hal_dma.o
                                                  build/stm32l4xx_hal_uart.o
                                                  build/stm32l4xx_hal_sai.o
HAL_DMA_Abort_IT                                  build/stm32l4xx_hal_dma.o
                                                  build/stm32l4xx_hal_uart.o
                                                  build/stm32l4xx_hal_sai.o
HAL_DMA_DeInit                                    build/stm32l4xx_hal_dma.o
                                                  build/stm32l4xx_hal_msp.o
HAL_DMA_GetError                                  build/stm32l4xx_hal_dma.o
                                                  build/stm32l4xx_hal_uart.o
HAL_DMA_GetState                                  build/stm32l4xx_hal_dma.o
HAL_DMA_IRQHandler                                build/stm32l4xx_hal_dma.o
                                                  build/stm32l4xx_it.o
HAL_DMA_Init                                      build/stm32l4xx_hal_dma.o
                                                  build/stm32l4xx_hal_msp.o
HAL_DMA_PollForTransfer                           build/stm32l4xx_hal_dma.o
HAL_DMA_RegisterCallback                          build/stm32l4xx_hal_dma.o
HAL_DMA_Start                                     build/stm32l4xx_hal_dma.o
HAL_DMA_Start_IT                                  build/stm32l4xx_hal_dma.o
                                                  build/stm32l4xx_hal_uart.o
                                                  build/stm32l4xx_hal_sai.o
HAL_DMA_UnRegisterCallback                        build/stm32l4xx_hal_dma.o
HAL_DeInit                                        build/stm32l4xx_hal.o
HAL_Delay                                         build/stm32l4xx_hal.o
HAL_EXTI_ClearConfigLine                          build/stm32l4xx_hal_exti.o
HAL_EXTI_ClearPending                             build/stm32l4xx_hal_exti.o
HAL_EXTI_GenerateSWI                              build/stm32l4xx_hal_exti.o
HAL_EXTI_GetConfigLine                            build/stm32l4xx_hal_exti.o
HAL_EXTI_GetHandle                                build/stm32l4xx_hal_exti.o
HAL_EXTI_GetPending                               build/stm32l4xx_hal_exti.o
HAL_EXTI_IRQHandler                               build/stm32l4xx_hal_exti.o
HAL_EXTI_RegisterCallback                         build/stm32l4xx_hal_exti.o
HAL_EXTI_SetConfigLine                            build/stm32l4xx_hal_exti.o
HAL_FLASHEx_DisableRunPowerDown                   build/stm32l4xx_hal_flash_ramfunc.o
HAL_FLASHEx_EnableRunPowerDown                    build/stm32l4xx_hal_flash_ramfunc.o
HAL_FLASHEx_Erase                                 build/stm32l4xx_hal_flash_ex.o
HAL_FLASHEx_Erase_IT                              build/stm32l4xx_hal_flash_ex.o
HAL_FLASHEx_OBGetConfig                           build/stm32l4xx_hal_flash_ex.o
HAL_FLASHEx_OBProgram                             build/stm32l4xx_hal_flash_ex.o
HAL_FLASH_EndOfOperationCallback                  build/stm32l4xx_hal_flash.o
HAL_FLASH_GetError                                build/stm32l4xx_hal_flash.o
HAL_FLASH_IRQHandler                              build/stm32l4xx_hal_flash.o
HAL_FLASH_Lock                                    build/stm32l4xx_hal_flash.o
HAL_FLASH_OB_Launch                               build/stm32l4xx_hal_flash.o
HAL_FLASH_OB_Lock                                 build/stm32l4xx_hal_flash.o
HAL_FLASH_OB_Unlock                               build/stm32l4xx_hal_flash.o
HAL_FLASH_OperationErrorCallback                  build/stm32l4xx_hal_flash.o
HAL_FLASH_Program                                 build/stm32l4xx_hal_flash.o
HAL_FLASH_Program_IT                              build/stm32l4xx_hal_flash.o
HAL_FLASH_Unlock                                  build/stm32l4xx_hal_flash.o
HAL_GPIO_DeInit                                   build/stm32l4xx_hal_gpio.o
                                                  build/stm32l4xx_hal_msp.o
HAL_GPIO_EXTI_Callback                            build/stm32l4xx_hal_gpio.o
HAL_GPIO_EXTI_IRQHandler                          build/stm32l4xx_hal_gpio.o
HAL_GPIO_Init                                     build/stm32l4xx_hal_gpio.o
                                                  build/stm32l4xx_hal_rcc_ex.o
                                                  build/stm32l4xx_hal_rcc.o
                                                  build/stm32l4xx_hal_msp.o
                                                  build/main.o
HAL_GPIO_LockPin                                  build/stm32l4xx_hal_gpio.o
HAL_GPIO_ReadPin                                  build/stm32l4xx_hal_gpio.o
HAL_GPIO_TogglePin                                build/stm32l4xx_hal_gpio.o
HAL_GPIO_WritePin                                 build/stm32l4xx_hal_gpio.o
                                                  build/main.o
HAL_GetDEVID                                      build/stm32l4xx_hal.o
HAL_GetHalVersion                                 build/stm32l4xx_hal.o
HAL_GetREVID                                      build/stm32l4xx_hal.o
HAL_GetTick                                       build/stm32l4xx_hal.o
                                                  build/stm32l4xx_hal_uart_ex.o
                                                  build/stm32l4xx_hal_uart.o
                                                  build/stm32l4xx_hal_dma.o
                                                  build/stm32l4xx_hal_flash.o
                                                  build/stm32l4xx_hal_rcc_ex.o
                                                  build/stm32l4xx_hal_rcc.o
                                                  build/stm32l4xx_hal_sai.o
HAL_GetTickFreq                                   build/stm32l4xx_hal.o
HAL_GetTickPrio                                   build/stm32l4xx_hal.o
HAL_GetUIDw0                                      build/stm32l4xx_hal.o
HAL_GetUIDw1                                      build/stm32l4xx_hal.o
HAL_GetUIDw2                                      build/stm32l4xx_hal.o
HAL_HalfDuplex_EnableReceiver                     build/stm32l4xx_hal_uart.o
HAL_HalfDuplex_EnableTransmitter                  build/stm32l4xx_hal_uart.o
HAL_HalfDuplex_Init                               build/stm32l4xx_hal_uart.o
HAL_IncTick                                       build/stm32l4xx_hal.o
                                                  build/stm32l4xx_it.o
HAL_Init                                          build/stm32l4xx_hal.o
                                                  build/main.o
HAL_InitTick                                      build/stm32l4xx_hal.o
                                                  build/stm32l4xx_hal_rcc.o
HAL_LIN_Init                                      build/stm32l4xx_hal_uart.o
HAL_LIN_SendBreak                                 build/stm32l4xx_hal_uart.o
HAL_MPU_ConfigRegion                              build/stm32l4xx_hal_cortex.o
HAL_MPU_Disable                                   build/stm32l4xx_hal_cortex.o
HAL_MPU_Enable                                    build/stm32l4xx_hal_cortex.o
HAL_MspDeInit                                     build/stm32l4xx_hal.o
HAL_MspInit                                       build/stm32l4xx_hal_msp.o
HAL_MultiProcessorEx_AddressLength_Set            build/stm32l4xx_hal_uart_ex.o
HAL_MultiProcessor_DisableMuteMode                build/stm32l4xx_hal_uart.o
HAL_MultiProcessor_EnableMuteMode                 build/stm32l4xx_hal_uart.o
HAL_MultiProcessor_EnterMuteMode                  build/stm32l4xx_hal_uart.o
HAL_MultiProcessor_Init                           build/stm32l4xx_hal_uart.o
HAL_NVIC_ClearPendingIRQ                          build/stm32l4xx_hal_cortex.o
HAL_NVIC_DisableIRQ                               build/stm32l4xx_hal_cortex.o
HAL_NVIC_EnableIRQ                                build/stm32l4xx_hal_cortex.o
                                                  build/main.o
HAL_NVIC_GetActive                                build/stm32l4xx_hal_cortex.o
HAL_NVIC_GetPendingIRQ                            build/stm32l4xx_hal_cortex.o
HAL_NVIC_GetPriority                              build/stm32l4xx_hal_cortex.o
HAL_NVIC_GetPriorityGrouping                      build/stm32l4xx_hal_cortex.o
HAL_NVIC_SetPendingIRQ                            build/stm32l4xx_hal_cortex.o
HAL_NVIC_SetPriority                              build/stm32l4xx_hal_cortex.o
                                                  build/stm32l4xx_hal.o
                                                  build/main.o
HAL_NVIC_SetPriorityGrouping                      build/stm32l4xx_hal_cortex.o
                                                  build/stm32l4xx_hal.o
HAL_NVIC_SystemReset                              build/stm32l4xx_hal_cortex.o
HAL_PWREx_ConfigPVM                               build/stm32l4xx_hal_pwr_ex.o
HAL_PWREx_ControlVoltageScaling                   build/stm32l4xx_hal_pwr_ex.o
                                                  build/main.o
HAL_PWREx_DisableBatteryCharging                  build/stm32l4xx_hal_pwr_ex.o
HAL_PWREx_DisableExtSMPS_0V95                     build/stm32l4xx_hal_pwr_ex.o
HAL_PWREx_DisableGPIOPullDown                     build/stm32l4xx_hal_pwr_ex.o
HAL_PWREx_DisableGPIOPullUp                       build/stm32l4xx_hal_pwr_ex.o
HAL_PWREx_DisableInternalWakeUpLine               build/stm32l4xx_hal_pwr_ex.o
HAL_PWREx_DisableLowPowerRunMode                  build/stm32l4xx_hal_pwr_ex.o
                                                  build/stm32l4xx_hal_pwr.o
HAL_PWREx_DisablePVM1                             build/stm32l4xx_hal_pwr_ex.o
HAL_PWREx_DisablePVM2                             build/stm32l4xx_hal_pwr_ex.o
HAL_PWREx_DisablePVM3                             build/stm32l4xx_hal_pwr_ex.o
HAL_PWREx_DisablePVM4                             build/stm32l4xx_hal_pwr_ex.o
HAL_PWREx_DisablePullUpPullDownConfig             build/stm32l4xx_hal_pwr_ex.o
HAL_PWREx_DisableSRAM2ContentRetention            build/stm32l4xx_hal_pwr_ex.o
HAL_PWREx_DisableVddIO2                           build/stm32l4xx_hal_pwr_ex.o
HAL_PWREx_DisableVddUSB                           build/stm32l4xx_hal_pwr_ex.o
HAL_PWREx_EnableBatteryCharging                   build/stm32l4xx_hal_pwr_ex.o
HAL_PWREx_EnableExtSMPS_0V95                      build/stm32l4xx_hal_pwr_ex.o
HAL_PWREx_EnableGPIOPullDown                      build/stm32l4xx_hal_pwr_ex.o
HAL_PWREx_EnableGPIOPullUp                        build/stm32l4xx_hal_pwr_ex.o
HAL_PWREx_EnableInternalWakeUpLine                build/stm32l4xx_hal_pwr_ex.o
HAL_PWREx_EnableLowPowerRunMode                   build/stm32l4xx_hal_pwr_ex.o
                                                  build/stm32l4xx_hal_pwr.o
HAL_PWREx_EnablePVM1                              build/stm32l4xx_hal_pwr_ex.o
HAL_PWREx_EnablePVM2                              build/stm32l4xx_hal_pwr_ex.o
HAL_PWREx_EnablePVM3                              build/stm32l4xx_hal_pwr_ex.o
HAL_PWREx_EnablePVM4                              build/stm32l4xx_hal_pwr_ex.o
HAL_PWREx_EnablePullUpPullDownConfig              build/stm32l4xx_hal_pwr_ex.o
HAL_PWREx_EnableSRAM2ContentRetention             build/stm32l4xx_hal_pwr_ex.o
HAL_PWREx_EnableVddIO2                            build/stm32l4xx_hal_pwr_ex.o
HAL_PWREx_EnableVddUSB                            build/stm32l4xx_hal_pwr_ex.o
HAL_PWREx_EnterSHUTDOWNMode                       build/stm32l4xx_hal_pwr_ex.o
HAL_PWREx_EnterSTOP0Mode                          build/stm32l4xx_hal_pwr_ex.o
                                                  build/stm32l4xx_hal_pwr.o
HAL_PWREx_EnterSTOP1Mode                          build/stm32l4xx_hal_pwr_ex.o
                                                  build/stm32l4xx_hal_pwr.o
HAL_PWREx_EnterSTOP2Mode                          build/stm32l4xx_hal_pwr_ex.o
HAL_PWREx_GetVoltageRange                         build/stm32l4xx_hal_pwr_ex.o
                                                  build/stm32l4xx_hal_rcc.o
HAL_PWREx_PVD_PVM_IRQHandler                      build/stm32l4xx_hal_pwr_ex.o
HAL_PWREx_PVM1Callback                            build/stm32l4xx_hal_pwr_ex.o
HAL_PWREx_PVM2Callback                            build/stm32l4xx_hal_pwr_ex.o
HAL_PWREx_PVM3Callback                            build/stm32l4xx_hal_pwr_ex.o
HAL_PWREx_PVM4Callback                            build/stm32l4xx_hal_pwr_ex.o
HAL_PWREx_SetSRAM2ContentRetention                build/stm32l4xx_hal_pwr_ex.o
HAL_PWR_ConfigPVD                                 build/stm32l4xx_hal_pwr.o
HAL_PWR_DeInit                                    build/stm32l4xx_hal_pwr.o
HAL_PWR_DisableBkUpAccess                         build/stm32l4xx_hal_pwr.o
                                                  build/stm32l4xx_hal_rcc_ex.o
HAL_PWR_DisablePVD                                build/stm32l4xx_hal_pwr.o
HAL_PWR_DisableSEVOnPend                          build/stm32l4xx_hal_pwr.o
HAL_PWR_DisableSleepOnExit                        build/stm32l4xx_hal_pwr.o
HAL_PWR_DisableWakeUpPin                          build/stm32l4xx_hal_pwr.o
HAL_PWR_EnableBkUpAccess                          build/stm32l4xx_hal_pwr.o
                                                  build/stm32l4xx_hal_rcc_ex.o
HAL_PWR_EnablePVD                                 build/stm32l4xx_hal_pwr.o
HAL_PWR_EnableSEVOnPend                           build/stm32l4xx_hal_pwr.o
HAL_PWR_EnableSleepOnExit                         build/stm32l4xx_hal_pwr.o
HAL_PWR_EnableWakeUpPin                           build/stm32l4xx_hal_pwr.o
HAL_PWR_EnterSLEEPMode                            build/stm32l4xx_hal_pwr.o
HAL_PWR_EnterSTANDBYMode                          build/stm32l4xx_hal_pwr.o
HAL_PWR_EnterSTOPMode                             build/stm32l4xx_hal_pwr.o
HAL_PWR_PVDCallback                               build/stm32l4xx_hal_pwr.o
                                                  build/stm32l4xx_hal_pwr_ex.o
HAL_RCCEx_DisableLSCO                             build/stm32l4xx_hal_rcc_ex.o
HAL_RCCEx_DisableLSECSS                           build/stm32l4xx_hal_rcc_ex.o
HAL_RCCEx_DisableMSIPLLMode                       build/stm32l4xx_hal_rcc_ex.o
HAL_RCCEx_DisablePLLSAI1                          build/stm32l4xx_hal_rcc_ex.o
HAL_RCCEx_DisablePLLSAI2                          build/stm32l4xx_hal_rcc_ex.o
HAL_RCCEx_EnableLSCO                              build/stm32l4xx_hal_rcc_ex.o
HAL_RCCEx_EnableLSECSS                            build/stm32l4xx_hal_rcc_ex.o
HAL_RCCEx_EnableLSECSS_IT                         build/stm32l4xx_hal_rcc_ex.o
HAL_RCCEx_EnableMSIPLLMode                        build/stm32l4xx_hal_rcc_ex.o
HAL_RCCEx_EnablePLLSAI1                           build/stm32l4xx_hal_rcc_ex.o
HAL_RCCEx_EnablePLLSAI2                           build/stm32l4xx_hal_rcc_ex.o
HAL_RCCEx_GetPeriphCLKConfig                      build/stm32l4xx_hal_rcc_ex.o
HAL_RCCEx_GetPeriphCLKFreq                        build/stm32l4xx_hal_rcc_ex.o
                                                  build/stm32l4xx_hal_sai.o
HAL_RCCEx_LSECSS_Callback                         build/stm32l4xx_hal_rcc_ex.o
HAL_RCCEx_LSECSS_IRQHandler                       build/stm32l4xx_hal_rcc_ex.o
HAL_RCCEx_PeriphCLKConfig                         build/stm32l4xx_hal_rcc_ex.o
                                                  build/stm32l4xx_hal_msp.o
HAL_RCCEx_StandbyMSIRangeConfig                   build/stm32l4xx_hal_rcc_ex.o
HAL_RCCEx_WakeUpStopCLKConfig                     build/stm32l4xx_hal_rcc_ex.o
HAL_RCC_CSSCallback                               build/stm32l4xx_hal_rcc.o
HAL_RCC_ClockConfig                               build/stm32l4xx_hal_rcc.o
                                                  build/main.o
HAL_RCC_DeInit                                    build/stm32l4xx_hal_rcc.o
HAL_RCC_EnableCSS                                 build/stm32l4xx_hal_rcc.o